<html>
<body>
<pre>
<h1>µVision Build Log</h1>
<h2>Tool Versions:</h2>
IDE-Version: ¦ÌVision V5.39.0.0
Copyright (C) 2023 ARM Ltd and ARM Germany GmbH. All rights reserved.
License Information: 1 Administrator, 1, LIC=----
 
Tool Versions:
Toolchain:       MDK-Lite  Version: 5.39.0.0
Toolchain Path:  D:\AppData\keil_v5\ARM\ARMCC\Bin
C Compiler:      Armcc.exe V5.06 update 7 (build 960)
Assembler:       Armasm.exe V5.06 update 7 (build 960)
Linker/Locator:  ArmLink.exe V5.06 update 7 (build 960)
Library Manager: ArmAr.exe V5.06 update 7 (build 960)
Hex Converter:   FromElf.exe V5.06 update 7 (build 960)
CPU DLL:         SARMCM3.DLL V5.39.0.0
Dialog DLL:      DCM.DLL V1.17.5.0
Target DLL:      CMSIS_AGDI.dll V1.33.16.0
Dialog DLL:      TCM.DLL V1.56.4.0
 
<h2>Project:</h2>
D:\git¿â\Embedded\stm32\¿Î³Ì\ÖÐ¼¶\I2C_EEPROM2\Project\Templat.uvprojx
Project File Date:  07/10/2024

<h2>Output:</h2>
*** Using Compiler 'V5.06 update 7 (build 960)', folder: 'D:\AppData\keil_v5\ARM\ARMCC\Bin'
Build target 'Target 1'
compiling bsp_i2c_ee.c...
..\User\I2C_EEPROM\bsp_i2c_ee.c(231): warning:  #940-D: missing return statement at end of non-void function "I2C_EE_BufferWrite" 
  }
..\User\I2C_EEPROM\bsp_i2c_ee.c(238): warning:  #177-D: variable "Count"  was declared but never referenced
  	uint16_t Count=Event_Waiting_Time;
..\User\I2C_EEPROM\bsp_i2c_ee.c(260): warning:  #177-D: variable "Count"  was declared but never referenced
  	uint16_t Count=Event_Waiting_Time;
..\User\I2C_EEPROM\bsp_i2c_ee.c: 3 warnings, 0 errors
linking...
Program Size: Code=4180 RO-data=360 RW-data=28 ZI-data=1028  
FromELF: creating hex file...
".\Objects\Templat.axf" - 0 Error(s), 3 Warning(s).

<h2>Software Packages used:</h2>

Package Vendor: Keil
                https://www.keil.com/pack/Keil.STM32F1xx_DFP.2.4.1.pack
                Keil::STM32F1xx_DFP@2.4.1
                STMicroelectronics STM32F1 Series Device Support, Drivers and Examples

<h2>Collection of Component include folders:</h2>
  D:/AppData/keil_v5/ARM/PACK/Keil/STM32F1xx_DFP/2.4.1/Device/Include

<h2>Collection of Component Files used:</h2>
Build Time Elapsed:  00:00:02
</pre>
</body>
</html>
