Component: ARM Compiler 5.06 update 7 (build 960) Tool: armlink [4d3601]

==============================================================================

Section Cross References

    startup_stm32f427_437xx.o(RESET) refers to startup_stm32f427_437xx.o(STACK) for __initial_sp
    startup_stm32f427_437xx.o(RESET) refers to startup_stm32f427_437xx.o(.text) for Reset_Handler
    startup_stm32f427_437xx.o(RESET) refers to bsp_systick.o(i.SysTick_Handler) for SysTick_Handler
    startup_stm32f427_437xx.o(RESET) refers to stm32f4xx_it.o(i.DMA1_Stream2_IRQHandler) for DMA1_Stream2_IRQHandler
    startup_stm32f427_437xx.o(RESET) refers to stm32f4xx_it.o(i.DMA1_Stream6_IRQHandler) for DMA1_Stream6_IRQHandler
    startup_stm32f427_437xx.o(RESET) refers to bsp_exti.o(i.EXTI15_10_IRQHandler) for EXTI15_10_IRQHandler
    startup_stm32f427_437xx.o(RESET) refers to bsp_sdio_sd.o(i.SDIO_IRQHandler) for SDIO_IRQHandler
    startup_stm32f427_437xx.o(RESET) refers to bsp_usart.o(i.UART4_IRQHandler) for UART4_IRQHandler
    startup_stm32f427_437xx.o(RESET) refers to main.o(i.TIM6_DAC_IRQHandler) for TIM6_DAC_IRQHandler
    startup_stm32f427_437xx.o(RESET) refers to stm32f4xx_it.o(i.DMA2_Stream1_IRQHandler) for DMA2_Stream1_IRQHandler
    startup_stm32f427_437xx.o(RESET) refers to bsp_sdio_sd.o(i.DMA2_Stream3_IRQHandler) for DMA2_Stream3_IRQHandler
    startup_stm32f427_437xx.o(RESET) refers to stm32f4xx_it.o(i.DMA2_Stream6_IRQHandler) for DMA2_Stream6_IRQHandler
    startup_stm32f427_437xx.o(.text) refers to system_stm32f4xx.o(i.SystemInit) for SystemInit
    startup_stm32f427_437xx.o(.text) refers to entry.o(.ARM.Collect$$$$00000000) for __main
    system_stm32f4xx.o(i.SystemCoreClockUpdate) refers to system_stm32f4xx.o(.data) for SystemCoreClock
    system_stm32f4xx.o(i.SystemInit) refers to system_stm32f4xx.o(i.SetSysClock) for SetSysClock
    stm32f4xx_adc.o(i.ADC_DeInit) refers to stm32f4xx_rcc.o(i.RCC_APB2PeriphResetCmd) for RCC_APB2PeriphResetCmd
    stm32f4xx_can.o(i.CAN_DeInit) refers to stm32f4xx_rcc.o(i.RCC_APB1PeriphResetCmd) for RCC_APB1PeriphResetCmd
    stm32f4xx_can.o(i.CAN_GetITStatus) refers to stm32f4xx_can.o(i.CheckITStatus) for CheckITStatus
    stm32f4xx_cryp.o(i.CRYP_DeInit) refers to stm32f4xx_rcc.o(i.RCC_AHB2PeriphResetCmd) for RCC_AHB2PeriphResetCmd
    stm32f4xx_cryp_aes.o(i.CRYP_AES_CBC) refers to stm32f4xx_cryp.o(i.CRYP_KeyStructInit) for CRYP_KeyStructInit
    stm32f4xx_cryp_aes.o(i.CRYP_AES_CBC) refers to stm32f4xx_cryp.o(i.CRYP_FIFOFlush) for CRYP_FIFOFlush
    stm32f4xx_cryp_aes.o(i.CRYP_AES_CBC) refers to stm32f4xx_cryp.o(i.CRYP_Init) for CRYP_Init
    stm32f4xx_cryp_aes.o(i.CRYP_AES_CBC) refers to stm32f4xx_cryp.o(i.CRYP_KeyInit) for CRYP_KeyInit
    stm32f4xx_cryp_aes.o(i.CRYP_AES_CBC) refers to stm32f4xx_cryp.o(i.CRYP_Cmd) for CRYP_Cmd
    stm32f4xx_cryp_aes.o(i.CRYP_AES_CBC) refers to stm32f4xx_cryp.o(i.CRYP_GetFlagStatus) for CRYP_GetFlagStatus
    stm32f4xx_cryp_aes.o(i.CRYP_AES_CBC) refers to stm32f4xx_cryp.o(i.CRYP_IVInit) for CRYP_IVInit
    stm32f4xx_cryp_aes.o(i.CRYP_AES_CBC) refers to stm32f4xx_cryp.o(i.CRYP_GetCmdStatus) for CRYP_GetCmdStatus
    stm32f4xx_cryp_aes.o(i.CRYP_AES_CBC) refers to stm32f4xx_cryp.o(i.CRYP_DataIn) for CRYP_DataIn
    stm32f4xx_cryp_aes.o(i.CRYP_AES_CBC) refers to stm32f4xx_cryp.o(i.CRYP_DataOut) for CRYP_DataOut
    stm32f4xx_cryp_aes.o(i.CRYP_AES_CCM) refers to stm32f4xx_cryp.o(i.CRYP_KeyStructInit) for CRYP_KeyStructInit
    stm32f4xx_cryp_aes.o(i.CRYP_AES_CCM) refers to stm32f4xx_cryp.o(i.CRYP_FIFOFlush) for CRYP_FIFOFlush
    stm32f4xx_cryp_aes.o(i.CRYP_AES_CCM) refers to stm32f4xx_cryp.o(i.CRYP_KeyInit) for CRYP_KeyInit
    stm32f4xx_cryp_aes.o(i.CRYP_AES_CCM) refers to stm32f4xx_cryp.o(i.CRYP_IVInit) for CRYP_IVInit
    stm32f4xx_cryp_aes.o(i.CRYP_AES_CCM) refers to stm32f4xx_cryp.o(i.CRYP_Init) for CRYP_Init
    stm32f4xx_cryp_aes.o(i.CRYP_AES_CCM) refers to stm32f4xx_cryp.o(i.CRYP_PhaseConfig) for CRYP_PhaseConfig
    stm32f4xx_cryp_aes.o(i.CRYP_AES_CCM) refers to stm32f4xx_cryp.o(i.CRYP_DataIn) for CRYP_DataIn
    stm32f4xx_cryp_aes.o(i.CRYP_AES_CCM) refers to stm32f4xx_cryp.o(i.CRYP_Cmd) for CRYP_Cmd
    stm32f4xx_cryp_aes.o(i.CRYP_AES_CCM) refers to stm32f4xx_cryp.o(i.CRYP_GetCmdStatus) for CRYP_GetCmdStatus
    stm32f4xx_cryp_aes.o(i.CRYP_AES_CCM) refers to stm32f4xx_cryp.o(i.CRYP_GetFlagStatus) for CRYP_GetFlagStatus
    stm32f4xx_cryp_aes.o(i.CRYP_AES_CCM) refers to stm32f4xx_cryp.o(i.CRYP_DataOut) for CRYP_DataOut
    stm32f4xx_cryp_aes.o(i.CRYP_AES_CTR) refers to stm32f4xx_cryp.o(i.CRYP_KeyStructInit) for CRYP_KeyStructInit
    stm32f4xx_cryp_aes.o(i.CRYP_AES_CTR) refers to stm32f4xx_cryp.o(i.CRYP_KeyInit) for CRYP_KeyInit
    stm32f4xx_cryp_aes.o(i.CRYP_AES_CTR) refers to stm32f4xx_cryp.o(i.CRYP_Init) for CRYP_Init
    stm32f4xx_cryp_aes.o(i.CRYP_AES_CTR) refers to stm32f4xx_cryp.o(i.CRYP_IVInit) for CRYP_IVInit
    stm32f4xx_cryp_aes.o(i.CRYP_AES_CTR) refers to stm32f4xx_cryp.o(i.CRYP_FIFOFlush) for CRYP_FIFOFlush
[...]
    i.create_partition                       0x08004a98   Section        0  ff.o(i.create_partition)
    create_partition                         0x08004a99   Thumb Code   346  ff.o(i.create_partition)
    i.dbc_1st                                0x08004bf4   Section        0  ff.o(i.dbc_1st)
    dbc_1st                                  0x08004bf5   Thumb Code    46  ff.o(i.dbc_1st)
    i.delay_ms                               0x08004c28   Section        0  bsp_systick.o(i.delay_ms)
    i.delay_us                               0x08004c44   Section        0  bsp_systick.o(i.delay_us)
    i.dir_alloc                              0x08004c98   Section        0  ff.o(i.dir_alloc)
    dir_alloc                                0x08004c99   Thumb Code    96  ff.o(i.dir_alloc)
    i.dir_clear                              0x08004cf8   Section        0  ff.o(i.dir_clear)
    dir_clear                                0x08004cf9   Thumb Code    94  ff.o(i.dir_clear)
    i.dir_find                               0x08004d56   Section        0  ff.o(i.dir_find)
    dir_find                                 0x08004d57   Thumb Code   252  ff.o(i.dir_find)
    i.dir_next                               0x08004e52   Section        0  ff.o(i.dir_next)
    dir_next                                 0x08004e53   Thumb Code   218  ff.o(i.dir_next)
    i.dir_register                           0x08004f2c   Section        0  ff.o(i.dir_register)
    dir_register                             0x08004f2d   Thumb Code   330  ff.o(i.dir_register)
    i.dir_sdi                                0x08005076   Section        0  ff.o(i.dir_sdi)
    dir_sdi                                  0x08005077   Thumb Code   166  ff.o(i.dir_sdi)
    i.disk_initialize                        0x0800511c   Section        0  diskio.o(i.disk_initialize)
    i.disk_ioctl                             0x08005148   Section        0  diskio.o(i.disk_ioctl)
    i.disk_read                              0x080051b4   Section        0  diskio.o(i.disk_read)
    i.disk_status                            0x08005268   Section        0  diskio.o(i.disk_status)
    i.disk_write                             0x08005284   Section        0  diskio.o(i.disk_write)
    i.dma_init                               0x0800533e   Section        0  bsp_dma.o(i.dma_init)
    i.f_close                                0x08005352   Section        0  ff.o(i.f_close)
    i.f_mkfs                                 0x08005374   Section        0  ff.o(i.f_mkfs)
    i.f_mount                                0x08005a60   Section        0  ff.o(i.f_mount)
    i.f_open                                 0x08005ac0   Section        0  ff.o(i.f_open)
    i.f_sync                                 0x08005cce   Section        0  ff.o(i.f_sync)
    i.f_write                                0x08005d70   Section        0  ff.o(i.f_write)
    i.ff_uni2oem                             0x08005f84   Section        0  ffunicode.o(i.ff_uni2oem)
    i.ff_wtoupper                            0x08005ff8   Section        0  ffunicode.o(i.ff_wtoupper)
    i.find_volume                            0x080060a8   Section        0  ff.o(i.find_volume)
    find_volume                              0x080060a9   Thumb Code   120  ff.o(i.find_volume)
    i.follow_path                            0x08006120   Section        0  ff.o(i.follow_path)
    follow_path                              0x08006121   Thumb Code   168  ff.o(i.follow_path)
    i.fputc                                  0x080061c8   Section        0  bsp_usart.o(i.fputc)
    i.gen_numname                            0x080061ec   Section        0  ff.o(i.gen_numname)
    gen_numname                              0x080061ed   Thumb Code   226  ff.o(i.gen_numname)
    i.get_fat                                0x080062d4   Section        0  ff.o(i.get_fat)
    get_fat                                  0x080062d5   Thumb Code   306  ff.o(i.get_fat)
    i.get_fattime                            0x08006408   Section        0  diskio.o(i.get_fattime)
    i.get_ldnumber                           0x08006410   Section        0  ff.o(i.get_ldnumber)
    get_ldnumber                             0x08006411   Thumb Code    82  ff.o(i.get_ldnumber)
    i.gpio_init                              0x08006464   Section        0  bsp_tim.o(i.gpio_init)
    i.hmc5883l_init                          0x08006498   Section        0  qmc5883.o(i.hmc5883l_init)
    i.i2c_init                               0x080064c4   Section        0  i2c_sw.o(i.i2c_init)
    i.i2c_master_write_byte                  0x08006524   Section        0  qmc5883.o(i.i2c_master_write_byte)
    i.i2c_send_byte                          0x08006566   Section        0  i2c_sw.o(i.i2c_send_byte)
    i.i2c_start                              0x080065ac   Section        0  i2c_sw.o(i.i2c_start)
    i.i2c_stop                               0x080065d0   Section        0  i2c_sw.o(i.i2c_stop)
    i.i2c_wait_ack                           0x080065f4   Section        0  i2c_sw.o(i.i2c_wait_ack)
    i.ld_16                                  0x08006634   Section        0  ff.o(i.ld_16)
    ld_16                                    0x08006635   Thumb Code    12  ff.o(i.ld_16)
    i.ld_32                                  0x08006640   Section        0  ff.o(i.ld_32)
    ld_32                                    0x08006641   Thumb Code    24  ff.o(i.ld_32)
    i.ld_clust                               0x08006658   Section        0  ff.o(i.ld_clust)
    ld_clust                                 0x08006659   Thumb Code    38  ff.o(i.ld_clust)
    i.main                                   0x08006680   Section        0  main.o(i.main)
    i.mount_volume                           0x0800673c   Section        0  ff.o(i.mount_volume)
    mount_volume                             0x0800673d   Thumb Code   730  ff.o(i.mount_volume)
    i.move_window                            0x08006a30   Section        0  ff.o(i.move_window)
    move_window                              0x08006a31   Thumb Code    52  ff.o(i.move_window)
    i.mpu6000_init                           0x08006a64   Section        0  bsp_mpu6000.o(i.mpu6000_init)
    i.put_fat                                0x08006b14   Section        0  ff.o(i.put_fat)
    put_fat                                  0x08006b15   Thumb Code   400  ff.o(i.put_fat)
    i.put_lfn                                0x08006ca4   Section        0  ff.o(i.put_lfn)
    put_lfn                                  0x08006ca5   Thumb Code   124  ff.o(i.put_lfn)
    i.rb_init                                0x08006d24   Section        0  ringbuff.o(i.rb_init)
    i.rb_push                                0x08006d36   Section        0  stm32f4xx_it.o(i.rb_push)
    rb_push                                  0x08006d37   Thumb Code    34  stm32f4xx_it.o(i.rb_push)
    i.rb_push_multi                          0x08006d58   Section        0  main.o(i.rb_push_multi)
    rb_push_multi                            0x08006d59   Thumb Code    54  main.o(i.rb_push_multi)
    i.remove_chain                           0x08006d8e   Section        0  ff.o(i.remove_chain)
    remove_chain                             0x08006d8f   Thumb Code   154  ff.o(i.remove_chain)
    i.set_sensor_gain                        0x08006e28   Section        0  qmc5883.o(i.set_sensor_gain)
    i.spi_init                               0x08006ea8   Section        0  bsp_spi.o(i.spi_init)
    i.st_16                                  0x08006ebc   Section        0  ff.o(i.st_16)
    st_16                                    0x08006ebd   Thumb Code    12  ff.o(i.st_16)
    i.st_32                                  0x08006ec8   Section        0  ff.o(i.st_32)
    st_32                                    0x08006ec9   Thumb Code    24  ff.o(i.st_32)
    i.st_clust                               0x08006ee0   Section        0  ff.o(i.st_clust)
    st_clust                                 0x08006ee1   Thumb Code    36  ff.o(i.st_clust)
    i.sum_sfn                                0x08006f04   Section        0  ff.o(i.sum_sfn)
    sum_sfn                                  0x08006f05   Thumb Code    32  ff.o(i.sum_sfn)
    i.sync_fs                                0x08006f24   Section        0  ff.o(i.sync_fs)
    sync_fs                                  0x08006f25   Thumb Code   132  ff.o(i.sync_fs)
    i.sync_window                            0x08006fb4   Section        0  ff.o(i.sync_window)
    sync_window                              0x08006fb5   Thumb Code    74  ff.o(i.sync_window)
    i.systick_init                           0x08007000   Section        0  bsp_systick.o(i.systick_init)
    i.task_datalog                           0x08007070   Section        0  task_datalog1.o(i.task_datalog)
    i.task_datalog_init                      0x08007178   Section        0  task_datalog1.o(i.task_datalog_init)
    i.tchar2uni                              0x0800735c   Section        0  ff.o(i.tchar2uni)
    tchar2uni                                0x0800735d   Thumb Code   168  ff.o(i.tchar2uni)
    i.tim6_init                              0x0800740c   Section        0  bsp_tim.o(i.tim6_init)
    tim6_init                                0x0800740d   Thumb Code   102  bsp_tim.o(i.tim6_init)
    i.tim_init                               0x08007478   Section        0  bsp_tim.o(i.tim_init)
    i.usart_init                             0x08007484   Section        0  bsp_usart.o(i.usart_init)
    i.validate                               0x080074a0   Section        0  ff.o(i.validate)
    validate                                 0x080074a1   Thumb Code    60  ff.o(i.validate)
    .constdata                               0x080074dc   Section       68  ff.o(.constdata)
    LfnOfs                                   0x080074dc   Data          13  ff.o(.constdata)
    DbcTbl                                   0x080074e9   Data          10  ff.o(.constdata)
    cst                                      0x080074f4   Data          14  ff.o(.constdata)
    cst32                                    0x08007502   Data          14  ff.o(.constdata)
    defopt                                   0x08007510   Data          16  ff.o(.constdata)
    .constdata                               0x08007520   Section    175030  ffunicode.o(.constdata)
    uni2oem936                               0x08007520   Data       87172  ffunicode.o(.constdata)
    oem2uni936                               0x0801c9a4   Data       87172  ffunicode.o(.constdata)
    cvt1                                     0x08031e28   Data         498  ffunicode.o(.constdata)
    cvt2                                     0x0803201a   Data         188  ffunicode.o(.constdata)
    .constdata                               0x080320d8   Section       32  rredf.o(.constdata)
    twooverpi                                0x080320d8   Data          32  rredf.o(.constdata)
    .data                                    0x20000000   Section       20  system_stm32f4xx.o(.data)
    .data                                    0x20000014   Section       16  stm32f4xx_rcc.o(.data)
    APBAHBPrescTable                         0x20000014   Data          16  stm32f4xx_rcc.o(.data)
    .data                                    0x20000024   Section       10  ff.o(.data)
    FatFs                                    0x20000024   Data           8  ff.o(.data)
    Fsid                                     0x2000002c   Data           2  ff.o(.data)
    .data                                    0x2000002e   Section        4  bsp_dma.o(.data)
    .data                                    0x20000032   Section        1  bsp_exti.o(.data)
    .data                                    0x20000034   Section        4  bsp_systick.o(.data)
    .data                                    0x20000038   Section        1  bsp_tim.o(.data)
    .data                                    0x2000003c   Section       24  bsp_sdio_sd.o(.data)
    CardType                                 0x2000003c   Data           4  bsp_sdio_sd.o(.data)
    RCA                                      0x20000040   Data           4  bsp_sdio_sd.o(.data)
    .data                                    0x20000054   Section        2  qmc5883.o(.data)
    .data                                    0x20000056   Section       12  pro_common.o(.data)
    .data                                    0x20000064   Section       24  ic_comm.o(.data)
    heartbeat_last_time                      0x20000078   Data           4  ic_comm.o(.data)
    .data                                    0x2000007c   Section        9  task_datalog1.o(.data)
    .data                                    0x20000088   Section       12  main.o(.data)
    .data                                    0x20000094   Section        4  stdout.o(.data)
    .data                                    0x20000098   Section        4  errno.o(.data)
    _errno                                   0x20000098   Data           4  errno.o(.data)
    .bss                                     0x200000a0   Section      204  bsp_sdio_sd.o(.bss)
    CSD_Tab                                  0x200000a0   Data          16  bsp_sdio_sd.o(.bss)
    CID_Tab                                  0x200000b0   Data          16  bsp_sdio_sd.o(.bss)
    SDSTATUS_Tab                             0x200000c0   Data          16  bsp_sdio_sd.o(.bss)
    .bss                                     0x20000170   Section      288  bsp_mpu6000.o(.bss)
    calibration                              0x20000248   Data          72  bsp_mpu6000.o(.bss)
    .bss                                     0x20000290   Section     1304  gps.o(.bss)
    .bss                                     0x200007a8   Section       24  pro_common.o(.bss)
    .bss                                     0x200007c0   Section     2880  mavlink_handle.o(.bss)
    m_mavlink_status                         0x20000e14   Data          96  mavlink_handle.o(.bss)
    m_mavlink_buffer                         0x20000e74   Data        1164  mavlink_handle.o(.bss)
    .bss                                     0x20001300   Section      408  ic_comm.o(.bss)
    ICC_TX_Buff                              0x20001398   Data         128  ic_comm.o(.bss)
    .bss                                     0x20001498   Section    19064  task_datalog1.o(.bss)
    temp_buff                                0x20005d10   Data         512  task_datalog1.o(.bss)
    .bss                                     0x20005f10   Section       16  main.o(.bss)
    STACK                                    0x20005f20   Section     1024  startup_stm32f427_437xx.o(STACK)

    Global Symbols

    Symbol Name                              Value     Ov Type        Size  Object(Section)

    BuildAttributes$$THM_ISAv4$E$P$D$K$B$S$7EM$VFPi3$EXTD16$VFPS$VFMA$PE$A:L22UL41UL21$X:L11$S22US41US21$IEEE1$IW$USESV6$~STKCKD$USESV7$~SHL$OTIME$ROPI$IEEEX$EBA8$MICROLIB$REQ8$PRES8$EABIv2 0x00000000   Number         0  anon$$obj.o ABSOLUTE
    __ARM_use_no_argv                        0x00000000   Number         0  main.o ABSOLUTE
    _printf_a                                0x00000000   Number         0  stubs.o ABSOLUTE
    _printf_c                                0x00000000   Number         0  stubs.o ABSOLUTE
    _printf_charcount                        0x00000000   Number         0  stubs.o ABSOLUTE
    _printf_d                                0x00000000   Number         0  stubs.o ABSOLUTE
    _printf_e                                0x00000000   Number         0  stubs.o ABSOLUTE
    _printf_f                                0x00000000   Number         0  stubs.o ABSOLUTE
    _printf_flags                            0x00000000   Number         0  stubs.o ABSOLUTE
    _printf_fp_dec                           0x00000000   Number         0  stubs.o ABSOLUTE
    _printf_fp_hex                           0x00000000   Number         0  stubs.o ABSOLUTE
    _printf_g                                0x00000000   Number         0  stubs.o ABSOLUTE
    _printf_i                                0x00000000   Number         0  stubs.o ABSOLUTE
    _printf_int_dec                          0x00000000   Number         0  stubs.o ABSOLUTE
    _printf_l                                0x00000000   Number         0  stubs.o ABSOLUTE
    _printf_lc                               0x00000000   Number         0  stubs.o ABSOLUTE
    _printf_ll                               0x00000000   Number         0  stubs.o ABSOLUTE
    _printf_lld                              0x00000000   Number         0  stubs.o ABSOLUTE
    _printf_lli                              0x00000000   Number         0  stubs.o ABSOLUTE
    _printf_llo                              0x00000000   Number         0  stubs.o ABSOLUTE
    _printf_llu                              0x00000000   Number         0  stubs.o ABSOLUTE
    _printf_llx                              0x00000000   Number         0  stubs.o ABSOLUTE
    _printf_longlong_dec                     0x00000000   Number         0  stubs.o ABSOLUTE
    _printf_longlong_hex                     0x00000000   Number         0  stubs.o ABSOLUTE
    _printf_longlong_oct                     0x00000000   Number         0  stubs.o ABSOLUTE
    _printf_ls                               0x00000000   Number         0  stubs.o ABSOLUTE
    _printf_mbtowc                           0x00000000   Number         0  stubs.o ABSOLUTE
    _printf_n                                0x00000000   Number         0  stubs.o ABSOLUTE
    _printf_o                                0x00000000   Number         0  stubs.o ABSOLUTE
    _printf_p                                0x00000000   Number         0  stubs.o ABSOLUTE
    _printf_percent                          0x00000000   Number         0  stubs.o ABSOLUTE
    _printf_pre_padding                      0x00000000   Number         0  stubs.o ABSOLUTE
    _printf_return_value                     0x00000000   Number         0  stubs.o ABSOLUTE
    _printf_s                                0x00000000   Number         0  stubs.o ABSOLUTE
    _printf_sizespec                         0x00000000   Number         0  stubs.o ABSOLUTE
    _printf_str                              0x00000000   Number         0  stubs.o ABSOLUTE
    _printf_truncate_signed                  0x00000000   Number         0  stubs.o ABSOLUTE
    _printf_truncate_unsigned                0x00000000   Number         0  stubs.o ABSOLUTE
    _printf_u                                0x00000000   Number         0  stubs.o ABSOLUTE
    _printf_wc                               0x00000000   Number         0  stubs.o ABSOLUTE
    _printf_wctomb                           0x00000000   Number         0  stubs.o ABSOLUTE
    _printf_widthprec                        0x00000000   Number         0  stubs.o ABSOLUTE
    _printf_x                                0x00000000   Number         0  stubs.o ABSOLUTE
    __arm_fini_                               - Undefined Weak Reference
    __cpp_initialize__aeabi_                  - Undefined Weak Reference
    __cxa_finalize                            - Undefined Weak Reference
    __decompress                              - Undefined Weak Reference
    _clock_init                               - Undefined Weak Reference
    _microlib_exit                            - Undefined Weak Reference
    __Vectors_Size                           0x000001ac   Number         0  startup_stm32f427_437xx.o ABSOLUTE
    __Vectors                                0x08000000   Data           4  startup_stm32f427_437xx.o(RESET)
    __Vectors_End                            0x080001ac   Data           0  startup_stm32f427_437xx.o(RESET)
    __main                                   0x080001ad   Thumb Code     0  entry.o(.ARM.Collect$$$$00000000)
    _main_stk                                0x080001ad   Thumb Code     0  entry2.o(.ARM.Collect$$$$00000001)
    _main_scatterload                        0x080001b1   Thumb Code     0  entry5.o(.ARM.Collect$$$$00000004)
    __main_after_scatterload                 0x080001b5   Thumb Code     0  entry5.o(.ARM.Collect$$$$00000004)
    _main_clock                              0x080001b5   Thumb Code     0  entry7b.o(.ARM.Collect$$$$00000008)
    _main_cpp_init                           0x080001b5   Thumb Code     0  entry8b.o(.ARM.Collect$$$$0000000A)
    _main_init                               0x080001b5   Thumb Code     0  entry9a.o(.ARM.Collect$$$$0000000B)
    __rt_lib_shutdown_fini                   0x080001bd   Thumb Code     0  entry12b.o(.ARM.Collect$$$$0000000E)
    __rt_final_cpp                           0x080001c1   Thumb Code     0  entry10a.o(.ARM.Collect$$$$0000000F)
    __rt_final_exit                          0x080001c1   Thumb Code     0  entry11a.o(.ARM.Collect$$$$00000011)
    Reset_Handler                            0x080001c5   Thumb Code     8  startup_stm32f427_437xx.o(.text)
    NMI_Handler                              0x080001cd   Thumb Code     2  startup_stm32f427_437xx.o(.text)
    HardFault_Handler                        0x080001cf   Thumb Code     2  startup_stm32f427_437xx.o(.text)
    MemManage_Handler                        0x080001d1   Thumb Code     2  startup_stm32f427_437xx.o(.text)
    BusFault_Handler                         0x080001d3   Thumb Code     2  startup_stm32f427_437xx.o(.text)
    UsageFault_Handler                       0x080001d5   Thumb Code     2  startup_stm32f427_437xx.o(.text)
    SVC_Handler                              0x080001d7   Thumb Code     2  startup_stm32f427_437xx.o(.text)
    DebugMon_Handler                         0x080001d9   Thumb Code     2  startup_stm32f427_437xx.o(.text)
    PendSV_Handler                           0x080001db   Thumb Code     2  startup_stm32f427_437xx.o(.text)
    ADC_IRQHandler                           0x080001df   Thumb Code     0  startup_stm32f427_437xx.o(.text)
    CAN1_RX0_IRQHandler                      0x080001df   Thumb Code     0  startup_stm32f427_437xx.o(.text)
    CAN1_RX1_IRQHandler                      0x080001df   Thumb Code     0  startup_stm32f427_437xx.o(.text)
    CAN1_SCE_IRQHandler                      0x080001df   Thumb Code     0  startup_stm32f427_437xx.o(.text)
    CAN1_TX_IRQHandler                       0x080001df   Thumb Code     0  startup_stm32f427_437xx.o(.text)
    CAN2_RX0_IRQHandler                      0x080001df   Thumb Code     0  startup_stm32f427_437xx.o(.text)
    CAN2_RX1_IRQHandler                      0x080001df   Thumb Code     0  startup_stm32f427_437xx.o(.text)
    CAN2_SCE_IRQHandler                      0x080001df   Thumb Code     0  startup_stm32f427_437xx.o(.text)
    CAN2_TX_IRQHandler                       0x080001df   Thumb Code     0  startup_stm32f427_437xx.o(.text)
    CRYP_IRQHandler                          0x080001df   Thumb Code     0  startup_stm32f427_437xx.o(.text)
    DCMI_IRQHandler                          0x080001df   Thumb Code     0  startup_stm32f427_437xx.o(.text)
    DMA1_Stream0_IRQHandler                  0x080001df   Thumb Code     0  startup_stm32f427_437xx.o(.text)
    DMA1_Stream1_IRQHandler                  0x080001df   Thumb Code     0  startup_stm32f427_437xx.o(.text)
    DMA1_Stream3_IRQHandler                  0x080001df   Thumb Code     0  startup_stm32f427_437xx.o(.text)
    DMA1_Stream4_IRQHandler                  0x080001df   Thumb Code     0  startup_stm32f427_437xx.o(.text)
    DMA1_Stream5_IRQHandler                  0x080001df   Thumb Code     0  startup_stm32f427_437xx.o(.text)
    DMA1_Stream7_IRQHandler                  0x080001df   Thumb Code     0  startup_stm32f427_437xx.o(.text)
    DMA2D_IRQHandler                         0x080001df   Thumb Code     0  startup_stm32f427_437xx.o(.text)
    DMA2_Stream0_IRQHandler                  0x080001df   Thumb Code     0  startup_stm32f427_437xx.o(.text)
    DMA2_Stream2_IRQHandler                  0x080001df   Thumb Code     0  startup_stm32f427_437xx.o(.text)
    DMA2_Stream4_IRQHandler                  0x080001df   Thumb Code     0  startup_stm32f427_437xx.o(.text)
    DMA2_Stream5_IRQHandler                  0x080001df   Thumb Code     0  startup_stm32f427_437xx.o(.text)
    DMA2_Stream7_IRQHandler                  0x080001df   Thumb Code     0  startup_stm32f427_437xx.o(.text)
    ETH_IRQHandler                           0x080001df   Thumb Code     0  startup_stm32f427_437xx.o(.text)
    ETH_WKUP_IRQHandler                      0x080001df   Thumb Code     0  startup_stm32f427_437xx.o(.text)
    EXTI0_IRQHandler                         0x080001df   Thumb Code     0  startup_stm32f427_437xx.o(.text)
    EXTI1_IRQHandler                         0x080001df   Thumb Code     0  startup_stm32f427_437xx.o(.text)
    EXTI2_IRQHandler                         0x080001df   Thumb Code     0  startup_stm32f427_437xx.o(.text)
    EXTI3_IRQHandler                         0x080001df   Thumb Code     0  startup_stm32f427_437xx.o(.text)
    EXTI4_IRQHandler                         0x080001df   Thumb Code     0  startup_stm32f427_437xx.o(.text)
    EXTI9_5_IRQHandler                       0x080001df   Thumb Code     0  startup_stm32f427_437xx.o(.text)
    FLASH_IRQHandler                         0x080001df   Thumb Code     0  startup_stm32f427_437xx.o(.text)
    FMC_IRQHandler                           0x080001df   Thumb Code     0  startup_stm32f427_437xx.o(.text)
    FPU_IRQHandler                           0x080001df   Thumb Code     0  startup_stm32f427_437xx.o(.text)
    HASH_RNG_IRQHandler                      0x080001df   Thumb Code     0  startup_stm32f427_437xx.o(.text)
    I2C1_ER_IRQHandler                       0x080001df   Thumb Code     0  startup_stm32f427_437xx.o(.text)
    I2C1_EV_IRQHandler                       0x080001df   Thumb Code     0  startup_stm32f427_437xx.o(.text)
    I2C2_ER_IRQHandler                       0x080001df   Thumb Code     0  startup_stm32f427_437xx.o(.text)
    I2C2_EV_IRQHandler                       0x080001df   Thumb Code     0  startup_stm32f427_437xx.o(.text)
    I2C3_ER_IRQHandler                       0x080001df   Thumb Code     0  startup_stm32f427_437xx.o(.text)
    I2C3_EV_IRQHandler                       0x080001df   Thumb Code     0  startup_stm32f427_437xx.o(.text)
    OTG_FS_IRQHandler                        0x080001df   Thumb Code     0  startup_stm32f427_437xx.o(.text)
    OTG_FS_WKUP_IRQHandler                   0x080001df   Thumb Code     0  startup_stm32f427_437xx.o(.text)
    OTG_HS_EP1_IN_IRQHandler                 0x080001df   Thumb Code     0  startup_stm32f427_437xx.o(.text)
    OTG_HS_EP1_OUT_IRQHandler                0x080001df   Thumb Code     0  startup_stm32f427_437xx.o(.text)
    OTG_HS_IRQHandler                        0x080001df   Thumb Code     0  startup_stm32f427_437xx.o(.text)
    OTG_HS_WKUP_IRQHandler                   0x080001df   Thumb Code     0  startup_stm32f427_437xx.o(.text)
    PVD_IRQHandler                           0x080001df   Thumb Code     0  startup_stm32f427_437xx.o(.text)
    RCC_IRQHandler                           0x080001df   Thumb Code     0  startup_stm32f427_437xx.o(.text)
    RTC_Alarm_IRQHandler                     0x080001df   Thumb Code     0  startup_stm32f427_437xx.o(.text)
    RTC_WKUP_IRQHandler                      0x080001df   Thumb Code     0  startup_stm32f427_437xx.o(.text)
    SAI1_IRQHandler                          0x080001df   Thumb Code     0  startup_stm32f427_437xx.o(.text)
    SPI1_IRQHandler                          0x080001df   Thumb Code     0  startup_stm32f427_437xx.o(.text)
    SPI2_IRQHandler                          0x080001df   Thumb Code     0  startup_stm32f427_437xx.o(.text)
    SPI3_IRQHandler                          0x080001df   Thumb Code     0  startup_stm32f427_437xx.o(.text)
    SPI4_IRQHandler                          0x080001df   Thumb Code     0  startup_stm32f427_437xx.o(.text)
    SPI5_IRQHandler                          0x080001df   Thumb Code     0  startup_stm32f427_437xx.o(.text)
    SPI6_IRQHandler                          0x080001df   Thumb Code     0  startup_stm32f427_437xx.o(.text)
    TAMP_STAMP_IRQHandler                    0x080001df   Thumb Code     0  startup_stm32f427_437xx.o(.text)
    TIM1_BRK_TIM9_IRQHandler                 0x080001df   Thumb Code     0  startup_stm32f427_437xx.o(.text)
    TIM1_CC_IRQHandler                       0x080001df   Thumb Code     0  startup_stm32f427_437xx.o(.text)
    TIM1_TRG_COM_TIM11_IRQHandler            0x080001df   Thumb Code     0  startup_stm32f427_437xx.o(.text)
    TIM1_UP_TIM10_IRQHandler                 0x080001df   Thumb Code     0  startup_stm32f427_437xx.o(.text)
    TIM2_IRQHandler                          0x080001df   Thumb Code     0  startup_stm32f427_437xx.o(.text)
    TIM3_IRQHandler                          0x080001df   Thumb Code     0  startup_stm32f427_437xx.o(.text)
    TIM4_IRQHandler                          0x080001df   Thumb Code     0  startup_stm32f427_437xx.o(.text)
    TIM5_IRQHandler                          0x080001df   Thumb Code     0  startup_stm32f427_437xx.o(.text)
    TIM7_IRQHandler                          0x080001df   Thumb Code     0  startup_stm32f427_437xx.o(.text)
    TIM8_BRK_TIM12_IRQHandler                0x080001df   Thumb Code     0  startup_stm32f427_437xx.o(.text)
    TIM8_CC_IRQHandler                       0x080001df   Thumb Code     0  startup_stm32f427_437xx.o(.text)
    TIM8_TRG_COM_TIM14_IRQHandler            0x080001df   Thumb Code     0  startup_stm32f427_437xx.o(.text)
    TIM8_UP_TIM13_IRQHandler                 0x080001df   Thumb Code     0  startup_stm32f427_437xx.o(.text)
    UART5_IRQHandler                         0x080001df   Thumb Code     0  startup_stm32f427_437xx.o(.text)
    UART7_IRQHandler                         0x080001df   Thumb Code     0  startup_stm32f427_437xx.o(.text)
    UART8_IRQHandler                         0x080001df   Thumb Code     0  startup_stm32f427_437xx.o(.text)
    USART1_IRQHandler                        0x080001df   Thumb Code     0  startup_stm32f427_437xx.o(.text)
    USART2_IRQHandler                        0x080001df   Thumb Code     0  startup_stm32f427_437xx.o(.text)
    USART3_IRQHandler                        0x080001df   Thumb Code     0  startup_stm32f427_437xx.o(.text)
    USART6_IRQHandler                        0x080001df   Thumb Code     0  startup_stm32f427_437xx.o(.text)
    WWDG_IRQHandler                          0x080001df   Thumb Code     0  startup_stm32f427_437xx.o(.text)
    __aeabi_uldivmod                         0x080001e9   Thumb Code    98  uldiv.o(.text)
    __aeabi_ldivmod                          0x0800024b   Thumb Code    98  ldiv.o(.text)
    __aeabi_memcpy                           0x080002ad   Thumb Code    36  memcpya.o(.text)
    __aeabi_memcpy4                          0x080002ad   Thumb Code     0  memcpya.o(.text)
    __aeabi_memcpy8                          0x080002ad   Thumb Code     0  memcpya.o(.text)
    __aeabi_memset                           0x080002d1   Thumb Code    14  memseta.o(.text)
    __aeabi_memset4                          0x080002d1   Thumb Code     0  memseta.o(.text)
    __aeabi_memset8                          0x080002d1   Thumb Code     0  memseta.o(.text)
    __aeabi_memclr                           0x080002df   Thumb Code     4  memseta.o(.text)
    __aeabi_memclr4                          0x080002df   Thumb Code     0  memseta.o(.text)
    __aeabi_memclr8                          0x080002df   Thumb Code     0  memseta.o(.text)
    _memset$wrapper                          0x080002e3   Thumb Code    18  memseta.o(.text)
    strchr                                   0x080002f5   Thumb Code    20  strchr.o(.text)
    memcmp                                   0x08000309   Thumb Code    26  memcmp.o(.text)
    __aeabi_ddiv                             0x08000323   Thumb Code   222  ddiv.o(.text)
    __aeabi_l2f                              0x08000401   Thumb Code    44  ffltl.o(.text)
    __aeabi_uidiv                            0x0800042d   Thumb Code     0  uidiv.o(.text)
    __aeabi_uidivmod                         0x0800042d   Thumb Code    44  uidiv.o(.text)
    __aeabi_llsl                             0x08000459   Thumb Code    30  llshl.o(.text)
    _ll_shift_l                              0x08000459   Thumb Code     0  llshl.o(.text)
    __aeabi_llsr                             0x08000477   Thumb Code    32  llushr.o(.text)
    _ll_ushift_r                             0x08000477   Thumb Code     0  llushr.o(.text)
    __I$use$fp                               0x08000497   Thumb Code     0  iusefp.o(.text)
    _float_round                             0x08000497   Thumb Code    18  fepilogue.o(.text)
    _float_epilogue                          0x080004a9   Thumb Code    92  fepilogue.o(.text)
    _double_round                            0x08000505   Thumb Code    30  depilogue.o(.text)
    _double_epilogue                         0x08000523   Thumb Code   156  depilogue.o(.text)
    __aeabi_dadd                             0x080005bf   Thumb Code   322  dadd.o(.text)
    __aeabi_dsub                             0x08000701   Thumb Code     6  dadd.o(.text)
    __aeabi_drsub                            0x08000707   Thumb Code     6  dadd.o(.text)
    __aeabi_dmul                             0x0800070d   Thumb Code   228  dmul.o(.text)
    __aeabi_d2ulz                            0x080007f1   Thumb Code    48  dfixul.o(.text)
    __aeabi_cdrcmple                         0x08000821   Thumb Code    48  cdrcmple.o(.text)
    __scatterload                            0x08000851   Thumb Code    28  init.o(.text)
    __scatterload_rt2                        0x08000851   Thumb Code     0  init.o(.text)
    __aeabi_lasr                             0x08000875   Thumb Code    36  llsshr.o(.text)
    _ll_sshift_r                             0x08000875   Thumb Code     0  llsshr.o(.text)
    DMA1_S2_C4_Configure                     0x08000b65   Thumb Code    76  bsp_dma.o(i.DMA1_S2_C4_Configure)
    DMA1_S6_C5_Configure                     0x08000bbd   Thumb Code   120  bsp_dma.o(i.DMA1_S6_C5_Configure)
    DMA1_Stream2_IRQHandler                  0x08000c41   Thumb Code    32  stm32f4xx_it.o(i.DMA1_Stream2_IRQHandler)
    DMA1_Stream6_IRQHandler                  0x08000c71   Thumb Code    32  stm32f4xx_it.o(i.DMA1_Stream6_IRQHandler)
    DMA2_ICC_Configure                       0x08000ca1   Thumb Code   224  bsp_dma.o(i.DMA2_ICC_Configure)
    DMA2_Stream1_IRQHandler                  0x08000d91   Thumb Code    32  stm32f4xx_it.o(i.DMA2_Stream1_IRQHandler)
    DMA2_Stream3_IRQHandler                  0x08000dc1   Thumb Code     8  bsp_sdio_sd.o(i.DMA2_Stream3_IRQHandler)
    DMA2_Stream6_IRQHandler                  0x08000dc9   Thumb Code    28  stm32f4xx_it.o(i.DMA2_Stream6_IRQHandler)
    DMA_ClearFlag                            0x08000df1   Thumb Code    38  stm32f4xx_dma.o(i.DMA_ClearFlag)
    DMA_ClearITPendingBit                    0x08000e25   Thumb Code    38  stm32f4xx_dma.o(i.DMA_ClearITPendingBit)
    DMA_Cmd                                  0x08000e59   Thumb Code    22  stm32f4xx_dma.o(i.DMA_Cmd)
    DMA_DeInit                               0x08000e71   Thumb Code   324  stm32f4xx_dma.o(i.DMA_DeInit)
    DMA_FlowControllerConfig                 0x08000fc9   Thumb Code    22  stm32f4xx_dma.o(i.DMA_FlowControllerConfig)
    DMA_GetITStatus                          0x08000fe1   Thumb Code    82  stm32f4xx_dma.o(i.DMA_GetITStatus)
    DMA_ITConfig                             0x08001045   Thumb Code    58  stm32f4xx_dma.o(i.DMA_ITConfig)
    DMA_Init                                 0x08001081   Thumb Code    82  stm32f4xx_dma.o(i.DMA_Init)
    EXTI15_10_IRQHandler                     0x080010f9   Thumb Code    28  bsp_exti.o(i.EXTI15_10_IRQHandler)
    EXTI_ClearITPendingBit                   0x08001119   Thumb Code     6  stm32f4xx_exti.o(i.EXTI_ClearITPendingBit)
    EXTI_GetITStatus                         0x08001125   Thumb Code    20  stm32f4xx_exti.o(i.EXTI_GetITStatus)
    GPIO_Init                                0x080012d1   Thumb Code   144  stm32f4xx_gpio.o(i.GPIO_Init)
    GPIO_PinAFConfig                         0x08001361   Thumb Code    70  stm32f4xx_gpio.o(i.GPIO_PinAFConfig)
    GPIO_ReadInputDataBit                    0x080013a7   Thumb Code    18  stm32f4xx_gpio.o(i.GPIO_ReadInputDataBit)
    GPIO_ResetBits                           0x080013b9   Thumb Code     6  stm32f4xx_gpio.o(i.GPIO_ResetBits)
    GPIO_SetBits                             0x080013bf   Thumb Code     4  stm32f4xx_gpio.o(i.GPIO_SetBits)
    GetTick                                  0x080013c5   Thumb Code     6  bsp_systick.o(i.GetTick)
    IC_Comm_Init                             0x080014c5   Thumb Code    12  ic_comm.o(i.IC_Comm_Init)
    LPF2ord                                  0x080014d1   Thumb Code    86  filter.o(i.LPF2ord)
    LPF2ord_Init                             0x08001527   Thumb Code    36  filter.o(i.LPF2ord_Init)
    MAVLINK_RB_Init                          0x08001621   Thumb Code    16  mavlink_handle.o(i.MAVLINK_RB_Init)
    MPU6000_GetData                          0x08001639   Thumb Code   110  bsp_mpu6000.o(i.MPU6000_GetData)
    MPU6000_ProcessData                      0x080016a9   Thumb Code   450  bsp_mpu6000.o(i.MPU6000_ProcessData)
    MPU6000_ReadData                         0x08001885   Thumb Code    48  bsp_mpu6000.o(i.MPU6000_ReadData)
    MPU6000_WriteReg                         0x080018b9   Thumb Code    48  bsp_mpu6000.o(i.MPU6000_WriteReg)
    NVIC_Init                                0x080018ed   Thumb Code   106  misc.o(i.NVIC_Init)
    NVIC_PriorityGroupConfig                 0x08001965   Thumb Code    10  misc.o(i.NVIC_PriorityGroupConfig)
    RCC_AHB1PeriphClockCmd                   0x08001979   Thumb Code    26  stm32f4xx_rcc.o(i.RCC_AHB1PeriphClockCmd)
    RCC_APB1PeriphClockCmd                   0x08001999   Thumb Code    26  stm32f4xx_rcc.o(i.RCC_APB1PeriphClockCmd)
    RCC_APB2PeriphClockCmd                   0x080019b9   Thumb Code    26  stm32f4xx_rcc.o(i.RCC_APB2PeriphClockCmd)
    RCC_APB2PeriphResetCmd                   0x080019d9   Thumb Code    26  stm32f4xx_rcc.o(i.RCC_APB2PeriphResetCmd)
    RCC_GetClocksFreq                        0x080019f9   Thumb Code   214  stm32f4xx_rcc.o(i.RCC_GetClocksFreq)
    SDIO_ClearFlag                           0x08001bfd   Thumb Code     6  stm32f4xx_sdio.o(i.SDIO_ClearFlag)
    SDIO_ClearITPendingBit                   0x08001c09   Thumb Code     6  stm32f4xx_sdio.o(i.SDIO_ClearITPendingBit)
    SDIO_ClockCmd                            0x08001c15   Thumb Code     6  stm32f4xx_sdio.o(i.SDIO_ClockCmd)
    SDIO_DMACmd                              0x08001c21   Thumb Code     6  stm32f4xx_sdio.o(i.SDIO_DMACmd)
    SDIO_DataConfig                          0x08001c2d   Thumb Code    46  stm32f4xx_sdio.o(i.SDIO_DataConfig)
    SDIO_DeInit                              0x08001c61   Thumb Code    22  stm32f4xx_sdio.o(i.SDIO_DeInit)
    SDIO_GetCommandResponse                  0x08001c79   Thumb Code     8  stm32f4xx_sdio.o(i.SDIO_GetCommandResponse)
    SDIO_GetFlagStatus                       0x08001c85   Thumb Code    20  stm32f4xx_sdio.o(i.SDIO_GetFlagStatus)
    SDIO_GetITStatus                         0x08001c9d   Thumb Code    20  stm32f4xx_sdio.o(i.SDIO_GetITStatus)
    SDIO_GetPowerState                       0x08001cb5   Thumb Code    10  stm32f4xx_sdio.o(i.SDIO_GetPowerState)
    SDIO_GetResponse                         0x08001cc5   Thumb Code    20  stm32f4xx_sdio.o(i.SDIO_GetResponse)
    SDIO_IRQHandler                          0x08001cdd   Thumb Code     8  bsp_sdio_sd.o(i.SDIO_IRQHandler)
    SDIO_ITConfig                            0x08001ce5   Thumb Code    26  stm32f4xx_sdio.o(i.SDIO_ITConfig)
    SDIO_Init                                0x08001d05   Thumb Code    42  stm32f4xx_sdio.o(i.SDIO_Init)
    SDIO_ReadData                            0x08001d35   Thumb Code     6  stm32f4xx_sdio.o(i.SDIO_ReadData)
    SDIO_SendCommand                         0x08001d41   Thumb Code    40  stm32f4xx_sdio.o(i.SDIO_SendCommand)
    SDIO_SetPowerState                       0x08001d6d   Thumb Code     6  stm32f4xx_sdio.o(i.SDIO_SetPowerState)
    SD_Detect                                0x08001d79   Thumb Code    12  bsp_sdio_sd.o(i.SD_Detect)
    SD_EnableWideBusOperation                0x08001d85   Thumb Code   136  bsp_sdio_sd.o(i.SD_EnableWideBusOperation)
    SD_GetCardInfo                           0x08001e15   Thumb Code   780  bsp_sdio_sd.o(i.SD_GetCardInfo)
    SD_GetState                              0x08002131   Thumb Code    38  bsp_sdio_sd.o(i.SD_GetState)
    SD_GetStatus                             0x08002157   Thumb Code    30  bsp_sdio_sd.o(i.SD_GetStatus)
    SD_Init                                  0x08002175   Thumb Code   174  bsp_sdio_sd.o(i.SD_Init)
    SD_InitializeCards                       0x0800222d   Thumb Code   294  bsp_sdio_sd.o(i.SD_InitializeCards)
    SD_LowLevel_DMA_RxConfig                 0x08002369   Thumb Code   132  bsp_sdio_sd.o(i.SD_LowLevel_DMA_RxConfig)
    SD_LowLevel_DMA_TxConfig                 0x080023f5   Thumb Code   134  bsp_sdio_sd.o(i.SD_LowLevel_DMA_TxConfig)
    SD_LowLevel_Init                         0x08002485   Thumb Code   156  bsp_sdio_sd.o(i.SD_LowLevel_Init)
    SD_PowerON                               0x08002529   Thumb Code   400  bsp_sdio_sd.o(i.SD_PowerON)
    SD_ProcessDMAIRQ                         0x080026c9   Thumb Code    32  bsp_sdio_sd.o(i.SD_ProcessDMAIRQ)
    SD_ProcessIRQSrc                         0x080026f1   Thumb Code   162  bsp_sdio_sd.o(i.SD_ProcessIRQSrc)
    SD_ReadMultiBlocks                       0x0800279d   Thumb Code   220  bsp_sdio_sd.o(i.SD_ReadMultiBlocks)
    SD_SelectDeselect                        0x08002895   Thumb Code    50  bsp_sdio_sd.o(i.SD_SelectDeselect)
    SD_SendStatus                            0x080028cd   Thumb Code    74  bsp_sdio_sd.o(i.SD_SendStatus)
    SD_StopTransfer                          0x08002921   Thumb Code    46  bsp_sdio_sd.o(i.SD_StopTransfer)
    SD_WaitReadOperation                     0x080029dd   Thumb Code   108  bsp_sdio_sd.o(i.SD_WaitReadOperation)
    SD_WaitWriteOperation                    0x08002a5d   Thumb Code   108  bsp_sdio_sd.o(i.SD_WaitWriteOperation)
    SD_WriteMultiBlocks                      0x08002add   Thumb Code   312  bsp_sdio_sd.o(i.SD_WriteMultiBlocks)
    SPI_Cmd                                  0x08002c35   Thumb Code    24  stm32f4xx_spi.o(i.SPI_Cmd)
    SPI_I2S_GetFlagStatus                    0x08002d25   Thumb Code    18  stm32f4xx_spi.o(i.SPI_I2S_GetFlagStatus)
    SPI_I2S_ReceiveData                      0x08002d37   Thumb Code     6  stm32f4xx_spi.o(i.SPI_I2S_ReceiveData)
    SPI_I2S_SendData                         0x08002d3d   Thumb Code     4  stm32f4xx_spi.o(i.SPI_I2S_SendData)
    SPI_Init                                 0x08002d41   Thumb Code    60  stm32f4xx_spi.o(i.SPI_Init)
    SPI_TansmissionReceiveByte               0x08002d7d   Thumb Code    50  bsp_spi.o(i.SPI_TansmissionReceiveByte)
    SysTick_Handler                          0x08002ed5   Thumb Code    12  bsp_systick.o(i.SysTick_Handler)
    SystemInit                               0x08002ee5   Thumb Code    88  system_stm32f4xx.o(i.SystemInit)
    TIM6_DAC_IRQHandler                      0x08002f4d   Thumb Code   208  main.o(i.TIM6_DAC_IRQHandler)
    TIM_ClearITPendingBit                    0x08003049   Thumb Code     6  stm32f4xx_tim.o(i.TIM_ClearITPendingBit)
    TIM_Cmd                                  0x0800304f   Thumb Code    24  stm32f4xx_tim.o(i.TIM_Cmd)
    TIM_GetITStatus                          0x08003067   Thumb Code    34  stm32f4xx_tim.o(i.TIM_GetITStatus)
    TIM_ITConfig                             0x08003089   Thumb Code    18  stm32f4xx_tim.o(i.TIM_ITConfig)
    TIM_InternalClockConfig                  0x0800309b   Thumb Code    12  stm32f4xx_tim.o(i.TIM_InternalClockConfig)
    TIM_TimeBaseInit                         0x080030a9   Thumb Code   104  stm32f4xx_tim.o(i.TIM_TimeBaseInit)
    UART4_IRQHandler                         0x080031b9   Thumb Code    24  bsp_usart.o(i.UART4_IRQHandler)
    USART_ClearITPendingBit                  0x080031d5   Thumb Code    30  stm32f4xx_usart.o(i.USART_ClearITPendingBit)
    USART_Cmd                                0x080031f3   Thumb Code    24  stm32f4xx_usart.o(i.USART_Cmd)
    USART_DMACmd                             0x080032a5   Thumb Code    18  stm32f4xx_usart.o(i.USART_DMACmd)
    USART_GetFlagStatus                      0x080032b7   Thumb Code    26  stm32f4xx_usart.o(i.USART_GetFlagStatus)
    USART_GetITStatus                        0x080032d1   Thumb Code    84  stm32f4xx_usart.o(i.USART_GetITStatus)
    USART_Init                               0x080033c5   Thumb Code   204  stm32f4xx_usart.o(i.USART_Init)
    USART_SendData                           0x08003539   Thumb Code     8  stm32f4xx_usart.o(i.USART_SendData)
    __0printf                                0x08003541   Thumb Code    22  printfa.o(i.__0printf)
    __1printf                                0x08003541   Thumb Code     0  printfa.o(i.__0printf)
    __2printf                                0x08003541   Thumb Code     0  printfa.o(i.__0printf)
    __c89printf                              0x08003541   Thumb Code     0  printfa.o(i.__0printf)
    printf                                   0x08003541   Thumb Code     0  printfa.o(i.__0printf)
    __ARM_fpclassifyf                        0x08003561   Thumb Code    38  fpclassifyf.o(i.__ARM_fpclassifyf)
    __hardfp_cosf                            0x08003589   Thumb Code   280  cosf.o(i.__hardfp_cosf)
    __hardfp_sqrtf                           0x080036d9   Thumb Code    58  sqrtf.o(i.__hardfp_sqrtf)
    __hardfp_tanf                            0x08003715   Thumb Code   322  tanf.o(i.__hardfp_tanf)
    __mathlib_flt_infnan                     0x08003891   Thumb Code     6  funder.o(i.__mathlib_flt_infnan)
    __mathlib_flt_invalid                    0x08003899   Thumb Code    10  funder.o(i.__mathlib_flt_invalid)
    __mathlib_flt_underflow                  0x080038a9   Thumb Code    10  funder.o(i.__mathlib_flt_underflow)
    __mathlib_rredf2                         0x080038b9   Thumb Code   316  rredf.o(i.__mathlib_rredf2)
    __scatterload_copy                       0x08003a0d   Thumb Code    14  handlers.o(i.__scatterload_copy)
    __scatterload_null                       0x08003a1b   Thumb Code     2  handlers.o(i.__scatterload_null)
    __scatterload_zeroinit                   0x08003a1d   Thumb Code    14  handlers.o(i.__scatterload_zeroinit)
    __set_errno                              0x08003a2d   Thumb Code     6  errno.o(i.__set_errno)
    delay_ms                                 0x08004c29   Thumb Code    26  bsp_systick.o(i.delay_ms)
    delay_us                                 0x08004c45   Thumb Code    74  bsp_systick.o(i.delay_us)
    disk_initialize                          0x0800511d   Thumb Code    42  diskio.o(i.disk_initialize)
    disk_ioctl                               0x08005149   Thumb Code   102  diskio.o(i.disk_ioctl)
    disk_read                                0x080051b5   Thumb Code   180  diskio.o(i.disk_read)
    disk_status                              0x08005269   Thumb Code    28  diskio.o(i.disk_status)
    disk_write                               0x08005285   Thumb Code   186  diskio.o(i.disk_write)
    dma_init                                 0x0800533f   Thumb Code    20  bsp_dma.o(i.dma_init)
    f_close                                  0x08005353   Thumb Code    34  ff.o(i.f_close)
    f_mkfs                                   0x08005375   Thumb Code  1718  ff.o(i.f_mkfs)
    f_mount                                  0x08005a61   Thumb Code    90  ff.o(i.f_mount)
    f_open                                   0x08005ac1   Thumb Code   526  ff.o(i.f_open)
    f_sync                                   0x08005ccf   Thumb Code   162  ff.o(i.f_sync)
    f_write                                  0x08005d71   Thumb Code   532  ff.o(i.f_write)
    ff_uni2oem                               0x08005f85   Thumb Code   112  ffunicode.o(i.ff_uni2oem)
    ff_wtoupper                              0x08005ff9   Thumb Code   166  ffunicode.o(i.ff_wtoupper)
    fputc                                    0x080061c9   Thumb Code    32  bsp_usart.o(i.fputc)
    get_fattime                              0x08006409   Thumb Code     4  diskio.o(i.get_fattime)
    gpio_init                                0x08006465   Thumb Code    48  bsp_tim.o(i.gpio_init)
    hmc5883l_init                            0x08006499   Thumb Code    42  qmc5883.o(i.hmc5883l_init)
    i2c_init                                 0x080064c5   Thumb Code    92  i2c_sw.o(i.i2c_init)
    i2c_master_write_byte                    0x08006525   Thumb Code    66  qmc5883.o(i.i2c_master_write_byte)
    i2c_send_byte                            0x08006567   Thumb Code    70  i2c_sw.o(i.i2c_send_byte)
    i2c_start                                0x080065ad   Thumb Code    36  i2c_sw.o(i.i2c_start)
    i2c_stop                                 0x080065d1   Thumb Code    36  i2c_sw.o(i.i2c_stop)
    i2c_wait_ack                             0x080065f5   Thumb Code    64  i2c_sw.o(i.i2c_wait_ack)
    main                                     0x08006681   Thumb Code   172  main.o(i.main)
    mpu6000_init                             0x08006a65   Thumb Code   156  bsp_mpu6000.o(i.mpu6000_init)
    rb_init                                  0x08006d25   Thumb Code    18  ringbuff.o(i.rb_init)
    set_sensor_gain                          0x08006e29   Thumb Code   122  qmc5883.o(i.set_sensor_gain)
    spi_init                                 0x08006ea9   Thumb Code    16  bsp_spi.o(i.spi_init)
    systick_init                             0x08007001   Thumb Code    98  bsp_systick.o(i.systick_init)
    task_datalog                             0x08007071   Thumb Code   160  task_datalog1.o(i.task_datalog)
    task_datalog_init                        0x08007179   Thumb Code   184  task_datalog1.o(i.task_datalog_init)
    tim_init                                 0x08007479   Thumb Code    12  bsp_tim.o(i.tim_init)
    usart_init                               0x08007485   Thumb Code    28  bsp_usart.o(i.usart_init)
    Region$$Table$$Base                      0x080320f8   Number         0  anon$$obj.o(Region$$Table)
    Region$$Table$$Limit                     0x08032118   Number         0  anon$$obj.o(Region$$Table)
    SystemCoreClock                          0x20000000   Data           4  system_stm32f4xx.o(.data)
    AHBPrescTable                            0x20000004   Data          16  system_stm32f4xx.o(.data)
    gps_rx_temp                              0x2000002e   Data           1  bsp_dma.o(.data)
    mavlink_rx_temp                          0x2000002f   Data           1  bsp_dma.o(.data)
    icc_rx_temp                              0x20000030   Data           1  bsp_dma.o(.data)
    icc_tx_temp                              0x20000031   Data           1  bsp_dma.o(.data)
    mpu6000ready_flag                        0x20000032   Data           1  bsp_exti.o(.data)
    sysTickCounter                           0x20000034   Data           4  bsp_systick.o(.data)
    Main_Loop_Update_Flag                    0x20000038   Data           1  bsp_tim.o(.data)
    StopCondition                            0x20000044   Data           4  bsp_sdio_sd.o(.data)
    TransferError                            0x20000048   Data           1  bsp_sdio_sd.o(.data)
    TransferEnd                              0x2000004c   Data           4  bsp_sdio_sd.o(.data)
    DMAEndOfTransfer                         0x20000050   Data           4  bsp_sdio_sd.o(.data)
    HMC5883L_GAIN                            0x20000054   Data           2  qmc5883.o(.data)
    mpu6000_raw_acc                          0x20000056   Data           6  pro_common.o(.data)
    mpu6000_raw_gyro                         0x2000005c   Data           6  pro_common.o(.data)
    ICC_Parser_State                         0x20000064   Data           1  ic_comm.o(.data)
    ICC_Send_Done_Flag                       0x20000065   Data           1  ic_comm.o(.data)
    RC_Data_Decode_Done                      0x20000066   Data           1  ic_comm.o(.data)
    Heartbeat_Decode_Done                    0x20000067   Data           1  ic_comm.o(.data)
    safety_switch                            0x20000068   Data           1  ic_comm.o(.data)
    motor_value                              0x2000006a   Data           8  ic_comm.o(.data)
    ICC_Payload_Length                       0x20000072   Data           2  ic_comm.o(.data)
    ICC_Payload_Index                        0x20000074   Data           2  ic_comm.o(.data)
    test_data1                               0x20000076   Data           1  ic_comm.o(.data)
    res_sd                                   0x2000007c   Data           1  task_datalog1.o(.data)
    fnum                                     0x20000080   Data           4  task_datalog1.o(.data)
    file_open_flag                           0x20000084   Data           1  task_datalog1.o(.data)
    Tick                                     0x20000088   Data           4  main.o(.data)
    data_buf_flag                            0x2000008c   Data           1  main.o(.data)
    tick                                     0x20000090   Data           4  main.o(.data)
    __stdout                                 0x20000094   Data           4  stdout.o(.data)
    SDCardInfo                               0x200000d0   Data          88  bsp_sdio_sd.o(.bss)
    SDIO_InitStructure                       0x20000128   Data          24  bsp_sdio_sd.o(.bss)
    SDIO_CmdInitStructure                    0x20000140   Data          20  bsp_sdio_sd.o(.bss)
    SDIO_DataInitStructure                   0x20000154   Data          24  bsp_sdio_sd.o(.bss)
    gyro_LPF2Param                           0x20000170   Data         108  bsp_mpu6000.o(.bss)
    acc_LPF2Param                            0x200001dc   Data         108  bsp_mpu6000.o(.bss)
    m_GPS_RX_RingBuffMgr                     0x20000290   Data          24  gps.o(.bss)
    m_GPS_RX_Buff                            0x200002a8   Data        1280  gps.o(.bss)
    mpu6000_cal_acc                          0x200007a8   Data          12  pro_common.o(.bss)
    mpu6000_cal_gyro                         0x200007b4   Data          12  pro_common.o(.bss)
    MAVLINK_RX_RingBuffMgr                   0x200007c0   Data          24  mavlink_handle.o(.bss)
    MAVLINK_RX_Buff                          0x200007d8   Data        1280  mavlink_handle.o(.bss)
    MAVLINK_RX_Message                       0x20000cd8   Data         291  mavlink_handle.o(.bss)
    MAVLINK_RX_Status                        0x20000dfc   Data          24  mavlink_handle.o(.bss)
    ICC_RX_RingBuffMgr                       0x20001300   Data          24  ic_comm.o(.bss)
    ICC_RX_Buff                              0x20001318   Data         128  ic_comm.o(.bss)
    ICC_RX_Buff_Temp                         0x20001418   Data         128  ic_comm.o(.bss)
    fs                                       0x20001498   Data        4152  task_datalog1.o(.bss)
    fnew                                     0x200024d0   Data        4136  task_datalog1.o(.bss)
    SD_W_RingBuffMgr                         0x200034f8   Data          24  task_datalog1.o(.bss)
    SD_W_Buff                                0x20003510   Data       10240  task_datalog1.o(.bss)
    data_buf                                 0x20005f10   Data          16  main.o(.bss)
    __initial_sp                             0x20006320   Data           0  startup_stm32f427_437xx.o(STACK)



==============================================================================

Memory Map of the image

  Image Entry point : 0x080001ad

  Load Region LR_IROM1 (Base: 0x08000000, Size: 0x000321b4, Max: 0x00200000, ABSOLUTE)

    Execution Region ER_IROM1 (Exec base: 0x08000000, Load base: 0x08000000, Size: 0x00032118, Max: 0x00200000, ABSOLUTE)

    Exec Addr    Load Addr    Size         Type   Attr      Idx    E Section Name        Object

    0x08000000   0x08000000   0x000001ac   Data   RO            3    RESET               startup_stm32f427_437xx.o
    0x080001ac   0x080001ac   0x00000000   Code   RO         8414  * .ARM.Collect$$$$00000000  mc_w.l(entry.o)
    0x080001ac   0x080001ac   0x00000004   Code   RO         8719    .ARM.Collect$$$$00000001  mc_w.l(entry2.o)
    0x080001b0   0x080001b0   0x00000004   Code   RO         8722    .ARM.Collect$$$$00000004  mc_w.l(entry5.o)
    0x080001b4   0x080001b4   0x00000000   Code   RO         8724    .ARM.Collect$$$$00000008  mc_w.l(entry7b.o)
    0x080001b4   0x080001b4   0x00000000   Code   RO         8726    .ARM.Collect$$$$0000000A  mc_w.l(entry8b.o)
    0x080001b4   0x080001b4   0x00000008   Code   RO         8727    .ARM.Collect$$$$0000000B  mc_w.l(entry9a.o)
    0x080001bc   0x080001bc   0x00000004   Code   RO         8734    .ARM.Collect$$$$0000000E  mc_w.l(entry12b.o)
    0x080001c0   0x080001c0   0x00000000   Code   RO         8729    .ARM.Collect$$$$0000000F  mc_w.l(entry10a.o)
    0x080001c0   0x080001c0   0x00000000   Code   RO         8731    .ARM.Collect$$$$00000011  mc_w.l(entry11a.o)
    0x080001c0   0x080001c0   0x00000004   Code   RO         8720    .ARM.Collect$$$$00002712  mc_w.l(entry2.o)
    0x080001c4   0x080001c4   0x00000024   Code   RO            4    .text               startup_stm32f427_437xx.o
    0x080001e8   0x080001e8   0x00000062   Code   RO         8417    .text               mc_w.l(uldiv.o)
    0x0800024a   0x0800024a   0x00000062   Code   RO         8419    .text               mc_w.l(ldiv.o)
    0x080002ac   0x080002ac   0x00000024   Code   RO         8421    .text               mc_w.l(memcpya.o)
    0x080002d0   0x080002d0   0x00000024   Code   RO         8423    .text               mc_w.l(memseta.o)
    0x080002f4   0x080002f4   0x00000014   Code   RO         8425    .text               mc_w.l(strchr.o)
    0x08000308   0x08000308   0x0000001a   Code   RO         8427    .text               mc_w.l(memcmp.o)
    0x08000322   0x08000322   0x000000de   Code   RO         8692    .text               mf_w.l(ddiv.o)
    0x08000400   0x08000400   0x0000002c   Code   RO         8694    .text               mf_w.l(ffltl.o)
    0x0800042c   0x0800042c   0x0000002c   Code   RO         8736    .text               mc_w.l(uidiv.o)
    0x08000458   0x08000458   0x0000001e   Code   RO         8738    .text               mc_w.l(llshl.o)
    0x08000476   0x08000476   0x00000020   Code   RO         8740    .text               mc_w.l(llushr.o)
    0x08000496   0x08000496   0x00000000   Code   RO         8749    .text               mc_w.l(iusefp.o)
    0x08000496   0x08000496   0x0000006e   Code   RO         8750    .text               mf_w.l(fepilogue.o)
    0x08000504   0x08000504   0x000000ba   Code   RO         8752    .text               mf_w.l(depilogue.o)
    0x080005be   0x080005be   0x0000014e   Code   RO         8754    .text               mf_w.l(dadd.o)
    0x0800070c   0x0800070c   0x000000e4   Code   RO         8756    .text               mf_w.l(dmul.o)
    0x080007f0   0x080007f0   0x00000030   Code   RO         8758    .text               mf_w.l(dfixul.o)
    0x08000820   0x08000820   0x00000030   Code   RO         8760    .text               mf_w.l(cdrcmple.o)
    0x08000850   0x08000850   0x00000024   Code   RO         8764    .text               mc_w.l(init.o)
    0x08000874   0x08000874   0x00000024   Code   RO         8766    .text               mc_w.l(llsshr.o)
    0x08000898   0x08000898   0x0000002c   Code   RO         6110    i.CmdError          bsp_sdio_sd.o
    0x080008c4   0x080008c4   0x00000134   Code   RO         6111    i.CmdResp1Error     bsp_sdio_sd.o
    0x080009f8   0x080009f8   0x0000004c   Code   RO         6112    i.CmdResp2Error     bsp_sdio_sd.o
    0x08000a44   0x08000a44   0x00000038   Code   RO         6113    i.CmdResp3Error     bsp_sdio_sd.o
    0x08000a7c   0x08000a7c   0x0000009c   Code   RO         6114    i.CmdResp6Error     bsp_sdio_sd.o
    0x08000b18   0x08000b18   0x0000004c   Code   RO         6115    i.CmdResp7Error     bsp_sdio_sd.o
    0x08000b64   0x08000b64   0x00000058   Code   RO         5643    i.DMA1_S2_C4_Configure  bsp_dma.o
    0x08000bbc   0x08000bbc   0x00000084   Code   RO         5644    i.DMA1_S6_C5_Configure  bsp_dma.o
    0x08000c40   0x08000c40   0x00000030   Code   RO         8300    i.DMA1_Stream2_IRQHandler  stm32f4xx_it.o
    0x08000c70   0x08000c70   0x00000030   Code   RO         8301    i.DMA1_Stream6_IRQHandler  stm32f4xx_it.o
    0x08000ca0   0x08000ca0   0x000000f0   Code   RO         5645    i.DMA2_ICC_Configure  bsp_dma.o
    0x08000d90   0x08000d90   0x00000030   Code   RO         8302    i.DMA2_Stream1_IRQHandler  stm32f4xx_it.o
    0x08000dc0   0x08000dc0   0x00000008   Code   RO         6116    i.DMA2_Stream3_IRQHandler  bsp_sdio_sd.o
    0x08000dc8   0x08000dc8   0x00000028   Code   RO         8303    i.DMA2_Stream6_IRQHandler  stm32f4xx_it.o
    0x08000df0   0x08000df0   0x00000034   Code   RO         1238    i.DMA_ClearFlag     stm32f4xx_dma.o
    0x08000e24   0x08000e24   0x00000034   Code   RO         1239    i.DMA_ClearITPendingBit  stm32f4xx_dma.o
    0x08000e58   0x08000e58   0x00000016   Code   RO         1240    i.DMA_Cmd           stm32f4xx_dma.o
    0x08000e6e   0x08000e6e   0x00000002   PAD
    0x08000e70   0x08000e70   0x00000158   Code   RO         1241    i.DMA_DeInit        stm32f4xx_dma.o
    0x08000fc8   0x08000fc8   0x00000016   Code   RO         1244    i.DMA_FlowControllerConfig  stm32f4xx_dma.o
    0x08000fde   0x08000fde   0x00000002   PAD
    0x08000fe0   0x08000fe0   0x00000064   Code   RO         1250    i.DMA_GetITStatus   stm32f4xx_dma.o
    0x08001044   0x08001044   0x0000003a   Code   RO         1251    i.DMA_ITConfig      stm32f4xx_dma.o
    0x0800107e   0x0800107e   0x00000002   PAD
    0x08001080   0x08001080   0x00000058   Code   RO         1252    i.DMA_Init          stm32f4xx_dma.o
    0x080010d8   0x080010d8   0x0000001e   Code   RO         5646    i.DMA_NVIC_Configure  bsp_dma.o
    0x080010f6   0x080010f6   0x00000002   PAD
    0x080010f8   0x080010f8   0x00000020   Code   RO         5713    i.EXTI15_10_IRQHandler  bsp_exti.o
    0x08001118   0x08001118   0x0000000c   Code   RO         1524    i.EXTI_ClearITPendingBit  stm32f4xx_exti.o
    0x08001124   0x08001124   0x00000018   Code   RO         1528    i.EXTI_GetITStatus  stm32f4xx_exti.o
    0x0800113c   0x0800113c   0x00000194   Code   RO         6117    i.FindSCR           bsp_sdio_sd.o
    0x080012d0   0x080012d0   0x00000090   Code   RO         2085    i.GPIO_Init         stm32f4xx_gpio.o
    0x08001360   0x08001360   0x00000046   Code   RO         2086    i.GPIO_PinAFConfig  stm32f4xx_gpio.o
    0x080013a6   0x080013a6   0x00000012   Code   RO         2089    i.GPIO_ReadInputDataBit  stm32f4xx_gpio.o
    0x080013b8   0x080013b8   0x00000006   Code   RO         2092    i.GPIO_ResetBits    stm32f4xx_gpio.o
    0x080013be   0x080013be   0x00000004   Code   RO         2093    i.GPIO_SetBits      stm32f4xx_gpio.o
    0x080013c2   0x080013c2   0x00000002   PAD
    0x080013c4   0x080013c4   0x0000000c   Code   RO         5919    i.GetTick           bsp_systick.o
    0x080013d0   0x080013d0   0x00000018   Code   RO         5780    i.I2C_SCL_H         i2c_sw.o
    0x080013e8   0x080013e8   0x00000018   Code   RO         5781    i.I2C_SCL_L         i2c_sw.o
    0x08001400   0x08001400   0x00000018   Code   RO         5782    i.I2C_SDA_H         i2c_sw.o
    0x08001418   0x08001418   0x00000028   Code   RO         5783    i.I2C_SDA_IN_MODE   i2c_sw.o
    0x08001440   0x08001440   0x00000018   Code   RO         5784    i.I2C_SDA_L         i2c_sw.o
    0x08001458   0x08001458   0x0000002c   Code   RO         5785    i.I2C_SDA_OUT_MODE  i2c_sw.o
    0x08001484   0x08001484   0x00000014   Code   RO         5786    i.I2C_SDA_READ      i2c_sw.o
    0x08001498   0x08001498   0x00000014   Code   RO         7809    i.ICC_Parser_Init   ic_comm.o
    0x080014ac   0x080014ac   0x00000018   Code   RO         7815    i.ICC_RB_Init       ic_comm.o
    0x080014c4   0x080014c4   0x0000000c   Code   RO         7821    i.IC_Comm_Init      ic_comm.o
    0x080014d0   0x080014d0   0x00000056   Code   RO         7958    i.LPF2ord           filter.o
    0x08001526   0x08001526   0x00000024   Code   RO         7959    i.LPF2ord_Init      filter.o
    0x0800154a   0x0800154a   0x00000002   PAD
    0x0800154c   0x0800154c   0x000000d4   Code   RO         7960    i.LPF2ord_SetParam  filter.o
    0x08001620   0x08001620   0x00000018   Code   RO         6902    i.MAVLINK_RB_Init   mavlink_handle.o
    0x08001638   0x08001638   0x0000006e   Code   RO         6375    i.MPU6000_GetData   bsp_mpu6000.o
    0x080016a6   0x080016a6   0x00000002   PAD
    0x080016a8   0x080016a8   0x000001dc   Code   RO         6376    i.MPU6000_ProcessData  bsp_mpu6000.o
    0x08001884   0x08001884   0x00000034   Code   RO         6377    i.MPU6000_ReadData  bsp_mpu6000.o
    0x080018b8   0x080018b8   0x00000034   Code   RO         6379    i.MPU6000_WriteReg  bsp_mpu6000.o
    0x080018ec   0x080018ec   0x00000078   Code   RO          161    i.NVIC_Init         misc.o
    0x08001964   0x08001964   0x00000014   Code   RO          162    i.NVIC_PriorityGroupConfig  misc.o
    0x08001978   0x08001978   0x00000020   Code   RO         3023    i.RCC_AHB1PeriphClockCmd  stm32f4xx_rcc.o
    0x08001998   0x08001998   0x00000020   Code   RO         3032    i.RCC_APB1PeriphClockCmd  stm32f4xx_rcc.o
    0x080019b8   0x080019b8   0x00000020   Code   RO         3035    i.RCC_APB2PeriphClockCmd  stm32f4xx_rcc.o
    0x080019d8   0x080019d8   0x00000020   Code   RO         3037    i.RCC_APB2PeriphResetCmd  stm32f4xx_rcc.o
    0x080019f8   0x080019f8   0x000000e8   Code   RO         3044    i.RCC_GetClocksFreq  stm32f4xx_rcc.o
    0x08001ae0   0x08001ae0   0x0000011c   Code   RO         6119    i.SDEnWideBus       bsp_sdio_sd.o
    0x08001bfc   0x08001bfc   0x0000000c   Code   RO         3960    i.SDIO_ClearFlag    stm32f4xx_sdio.o
    0x08001c08   0x08001c08   0x0000000c   Code   RO         3961    i.SDIO_ClearITPendingBit  stm32f4xx_sdio.o
    0x08001c14   0x08001c14   0x0000000c   Code   RO         3962    i.SDIO_ClockCmd     stm32f4xx_sdio.o
    0x08001c20   0x08001c20   0x0000000c   Code   RO         3965    i.SDIO_DMACmd       stm32f4xx_sdio.o
    0x08001c2c   0x08001c2c   0x00000034   Code   RO         3966    i.SDIO_DataConfig   stm32f4xx_sdio.o
    0x08001c60   0x08001c60   0x00000016   Code   RO         3968    i.SDIO_DeInit       stm32f4xx_sdio.o
    0x08001c76   0x08001c76   0x00000002   PAD
    0x08001c78   0x08001c78   0x0000000c   Code   RO         3969    i.SDIO_GetCommandResponse  stm32f4xx_sdio.o
    0x08001c84   0x08001c84   0x00000018   Code   RO         3972    i.SDIO_GetFlagStatus  stm32f4xx_sdio.o
    0x08001c9c   0x08001c9c   0x00000018   Code   RO         3973    i.SDIO_GetITStatus  stm32f4xx_sdio.o
    0x08001cb4   0x08001cb4   0x00000010   Code   RO         3974    i.SDIO_GetPowerState  stm32f4xx_sdio.o
    0x08001cc4   0x08001cc4   0x00000018   Code   RO         3975    i.SDIO_GetResponse  stm32f4xx_sdio.o
    0x08001cdc   0x08001cdc   0x00000008   Code   RO         6120    i.SDIO_IRQHandler   bsp_sdio_sd.o
    0x08001ce4   0x08001ce4   0x00000020   Code   RO         3976    i.SDIO_ITConfig     stm32f4xx_sdio.o
    0x08001d04   0x08001d04   0x00000030   Code   RO         3977    i.SDIO_Init         stm32f4xx_sdio.o
    0x08001d34   0x08001d34   0x0000000c   Code   RO         3978    i.SDIO_ReadData     stm32f4xx_sdio.o
    0x08001d40   0x08001d40   0x0000002c   Code   RO         3980    i.SDIO_SendCommand  stm32f4xx_sdio.o
    0x08001d6c   0x08001d6c   0x0000000c   Code   RO         3982    i.SDIO_SetPowerState  stm32f4xx_sdio.o
    0x08001d78   0x08001d78   0x0000000c   Code   RO         6122    i.SD_Detect         bsp_sdio_sd.o
    0x08001d84   0x08001d84   0x00000090   Code   RO         6123    i.SD_EnableWideBusOperation  bsp_sdio_sd.o
    0x08001e14   0x08001e14   0x0000031c   Code   RO         6125    i.SD_GetCardInfo    bsp_sdio_sd.o
    0x08002130   0x08002130   0x00000026   Code   RO         6127    i.SD_GetState       bsp_sdio_sd.o
    0x08002156   0x08002156   0x0000001e   Code   RO         6128    i.SD_GetStatus      bsp_sdio_sd.o
    0x08002174   0x08002174   0x000000b8   Code   RO         6131    i.SD_Init           bsp_sdio_sd.o
    0x0800222c   0x0800222c   0x0000013c   Code   RO         6132    i.SD_InitializeCards  bsp_sdio_sd.o
    0x08002368   0x08002368   0x0000008c   Code   RO         6133    i.SD_LowLevel_DMA_RxConfig  bsp_sdio_sd.o
    0x080023f4   0x080023f4   0x00000090   Code   RO         6134    i.SD_LowLevel_DMA_TxConfig  bsp_sdio_sd.o
    0x08002484   0x08002484   0x000000a4   Code   RO         6136    i.SD_LowLevel_Init  bsp_sdio_sd.o
    0x08002528   0x08002528   0x000001a0   Code   RO         6138    i.SD_PowerON        bsp_sdio_sd.o
    0x080026c8   0x080026c8   0x00000028   Code   RO         6139    i.SD_ProcessDMAIRQ  bsp_sdio_sd.o
    0x080026f0   0x080026f0   0x000000ac   Code   RO         6140    i.SD_ProcessIRQSrc  bsp_sdio_sd.o
    0x0800279c   0x0800279c   0x000000f8   Code   RO         6142    i.SD_ReadMultiBlocks  bsp_sdio_sd.o
    0x08002894   0x08002894   0x00000038   Code   RO         6143    i.SD_SelectDeselect  bsp_sdio_sd.o
    0x080028cc   0x080028cc   0x00000054   Code   RO         6145    i.SD_SendStatus     bsp_sdio_sd.o
    0x08002920   0x08002920   0x00000034   Code   RO         6146    i.SD_StopTransfer   bsp_sdio_sd.o
    0x08002954   0x08002954   0x00000024   Code   RO         8162    i.SD_W_RB_GetCounter  task_datalog1.o
    0x08002978   0x08002978   0x00000018   Code   RO         8163    i.SD_W_RB_Init      task_datalog1.o
    0x08002990   0x08002990   0x0000000c   Code   RO         8164    i.SD_W_RB_IsOverFlow  task_datalog1.o
    0x0800299c   0x0800299c   0x00000040   Code   RO         8165    i.SD_W_RB_Pop       task_datalog1.o
    0x080029dc   0x080029dc   0x00000080   Code   RO         6147    i.SD_WaitReadOperation  bsp_sdio_sd.o
    0x08002a5c   0x08002a5c   0x00000080   Code   RO         6148    i.SD_WaitWriteOperation  bsp_sdio_sd.o
    0x08002adc   0x08002adc   0x00000158   Code   RO         6150    i.SD_WriteMultiBlocks  bsp_sdio_sd.o
    0x08002c34   0x08002c34   0x00000018   Code   RO         4184    i.SPI_Cmd           stm32f4xx_spi.o
    0x08002c4c   0x08002c4c   0x000000d8   Code   RO         5884    i.SPI_Configure     bsp_spi.o
    0x08002d24   0x08002d24   0x00000012   Code   RO         4192    i.SPI_I2S_GetFlagStatus  stm32f4xx_spi.o
    0x08002d36   0x08002d36   0x00000006   Code   RO         4195    i.SPI_I2S_ReceiveData  stm32f4xx_spi.o
    0x08002d3c   0x08002d3c   0x00000004   Code   RO         4196    i.SPI_I2S_SendData  stm32f4xx_spi.o
    0x08002d40   0x08002d40   0x0000003c   Code   RO         4197    i.SPI_Init          stm32f4xx_spi.o
    0x08002d7c   0x08002d7c   0x00000038   Code   RO         5885    i.SPI_TansmissionReceiveByte  bsp_spi.o
    0x08002db4   0x08002db4   0x00000120   Code   RO           13    i.SetSysClock       system_stm32f4xx.o
    0x08002ed4   0x08002ed4   0x00000010   Code   RO         5920    i.SysTick_Handler   bsp_systick.o
    0x08002ee4   0x08002ee4   0x00000068   Code   RO           15    i.SystemInit        system_stm32f4xx.o
    0x08002f4c   0x08002f4c   0x000000fc   Code   RO         8226    i.TIM6_DAC_IRQHandler  main.o
    0x08003048   0x08003048   0x00000006   Code   RO         4417    i.TIM_ClearITPendingBit  stm32f4xx_tim.o
    0x0800304e   0x0800304e   0x00000018   Code   RO         4422    i.TIM_Cmd           stm32f4xx_tim.o
    0x08003066   0x08003066   0x00000022   Code   RO         4443    i.TIM_GetITStatus   stm32f4xx_tim.o
    0x08003088   0x08003088   0x00000012   Code   RO         4447    i.TIM_ITConfig      stm32f4xx_tim.o
    0x0800309a   0x0800309a   0x0000000c   Code   RO         4449    i.TIM_InternalClockConfig  stm32f4xx_tim.o
    0x080030a6   0x080030a6   0x00000002   PAD
    0x080030a8   0x080030a8   0x00000084   Code   RO         4494    i.TIM_TimeBaseInit  stm32f4xx_tim.o
    0x0800312c   0x0800312c   0x00000038   Code   RO         6015    i.UART4_Configure   bsp_usart.o
    0x08003164   0x08003164   0x00000054   Code   RO         6016    i.UART4_GPIO_Configure  bsp_usart.o
    0x080031b8   0x080031b8   0x0000001c   Code   RO         6017    i.UART4_IRQHandler  bsp_usart.o
    0x080031d4   0x080031d4   0x0000001e   Code   RO         4973    i.USART_ClearITPendingBit  stm32f4xx_usart.o
    0x080031f2   0x080031f2   0x00000018   Code   RO         4976    i.USART_Cmd         stm32f4xx_usart.o
    0x0800320a   0x0800320a   0x00000002   PAD
    0x0800320c   0x0800320c   0x00000098   Code   RO         6019    i.USART_DEBUG_Configure  bsp_usart.o
    0x080032a4   0x080032a4   0x00000012   Code   RO         4977    i.USART_DMACmd      stm32f4xx_usart.o
    0x080032b6   0x080032b6   0x0000001a   Code   RO         4979    i.USART_GetFlagStatus  stm32f4xx_usart.o
    0x080032d0   0x080032d0   0x00000054   Code   RO         4980    i.USART_GetITStatus  stm32f4xx_usart.o
    0x08003324   0x08003324   0x000000a0   Code   RO         6021    i.USART_ICC_Configure  bsp_usart.o
    0x080033c4   0x080033c4   0x000000d4   Code   RO         4983    i.USART_Init        stm32f4xx_usart.o
    0x08003498   0x08003498   0x000000a0   Code   RO         6022    i.USART_MAVLINK_Configure  bsp_usart.o
    0x08003538   0x08003538   0x00000008   Code   RO         4993    i.USART_SendData    stm32f4xx_usart.o
    0x08003540   0x08003540   0x00000020   Code   RO         8664    i.__0printf         mc_w.l(printfa.o)
    0x08003560   0x08003560   0x00000026   Code   RO         8700    i.__ARM_fpclassifyf  m_wm.l(fpclassifyf.o)
    0x08003586   0x08003586   0x00000002   PAD
    0x08003588   0x08003588   0x00000150   Code   RO         8364    i.__hardfp_cosf     m_wm.l(cosf.o)
    0x080036d8   0x080036d8   0x0000003a   Code   RO         8390    i.__hardfp_sqrtf    m_wm.l(sqrtf.o)
    0x08003712   0x08003712   0x00000002   PAD
    0x08003714   0x08003714   0x0000017c   Code   RO         8402    i.__hardfp_tanf     m_wm.l(tanf.o)
    0x08003890   0x08003890   0x00000006   Code   RO         8703    i.__mathlib_flt_infnan  m_wm.l(funder.o)
    0x08003896   0x08003896   0x00000002   PAD
    0x08003898   0x08003898   0x00000010   Code   RO         8705    i.__mathlib_flt_invalid  m_wm.l(funder.o)
    0x080038a8   0x080038a8   0x00000010   Code   RO         8708    i.__mathlib_flt_underflow  m_wm.l(funder.o)
    0x080038b8   0x080038b8   0x00000154   Code   RO         8716    i.__mathlib_rredf2  m_wm.l(rredf.o)
    0x08003a0c   0x08003a0c   0x0000000e   Code   RO         8770    i.__scatterload_copy  mc_w.l(handlers.o)
    0x08003a1a   0x08003a1a   0x00000002   Code   RO         8771    i.__scatterload_null  mc_w.l(handlers.o)
    0x08003a1c   0x08003a1c   0x0000000e   Code   RO         8772    i.__scatterload_zeroinit  mc_w.l(handlers.o)
    0x08003a2a   0x08003a2a   0x00000002   PAD
    0x08003a2c   0x08003a2c   0x0000000c   Code   RO         8744    i.__set_errno       mc_w.l(errno.o)
    0x08003a38   0x08003a38   0x00000184   Code   RO         8671    i._fp_digits        mc_w.l(printfa.o)
    0x08003bbc   0x08003bbc   0x000006b4   Code   RO         8672    i._printf_core      mc_w.l(printfa.o)
    0x08004270   0x08004270   0x00000024   Code   RO         8673    i._printf_post_padding  mc_w.l(printfa.o)
    0x08004294   0x08004294   0x0000002e   Code   RO         8674    i._printf_pre_padding  mc_w.l(printfa.o)
    0x080042c2   0x080042c2   0x00000002   PAD
    0x080042c4   0x080042c4   0x000000c8   Code   RO         6380    i.calculate_acc     bsp_mpu6000.o
    0x0800438c   0x0800438c   0x000001f8   Code   RO         6381    i.calculate_gyro    bsp_mpu6000.o
    0x08004584   0x08004584   0x000000e0   Code   RO         5297    i.check_fs          ff.o
    0x08004664   0x08004664   0x0000001a   Code   RO         5298    i.clst2sect         ff.o
    0x0800467e   0x0800467e   0x00000002   PAD
    0x08004680   0x08004680   0x00000098   Code   RO         5299    i.cmp_lfn           ff.o
    0x08004718   0x08004718   0x00000124   Code   RO         5300    i.create_chain      ff.o
    0x0800483c   0x0800483c   0x0000025c   Code   RO         5301    i.create_name       ff.o
    0x08004a98   0x08004a98   0x0000015a   Code   RO         5302    i.create_partition  ff.o
    0x08004bf2   0x08004bf2   0x00000002   PAD
    0x08004bf4   0x08004bf4   0x00000034   Code   RO         5303    i.dbc_1st           ff.o
    0x08004c28   0x08004c28   0x0000001a   Code   RO         5921    i.delay_ms          bsp_systick.o
    0x08004c42   0x08004c42   0x00000002   PAD
    0x08004c44   0x08004c44   0x00000054   Code   RO         5922    i.delay_us          bsp_systick.o
    0x08004c98   0x08004c98   0x00000060   Code   RO         5305    i.dir_alloc         ff.o
    0x08004cf8   0x08004cf8   0x0000005e   Code   RO         5306    i.dir_clear         ff.o
    0x08004d56   0x08004d56   0x000000fc   Code   RO         5307    i.dir_find          ff.o
    0x08004e52   0x08004e52   0x000000da   Code   RO         5308    i.dir_next          ff.o
    0x08004f2c   0x08004f2c   0x0000014a   Code   RO         5310    i.dir_register      ff.o
    0x08005076   0x08005076   0x000000a6   Code   RO         5312    i.dir_sdi           ff.o
    0x0800511c   0x0800511c   0x0000002a   Code   RO         5230    i.disk_initialize   diskio.o
    0x08005146   0x08005146   0x00000002   PAD
    0x08005148   0x08005148   0x0000006c   Code   RO         5231    i.disk_ioctl        diskio.o
    0x080051b4   0x080051b4   0x000000b4   Code   RO         5232    i.disk_read         diskio.o
    0x08005268   0x08005268   0x0000001c   Code   RO         5233    i.disk_status       diskio.o
    0x08005284   0x08005284   0x000000ba   Code   RO         5234    i.disk_write        diskio.o
    0x0800533e   0x0800533e   0x00000014   Code   RO         5647    i.dma_init          bsp_dma.o
    0x08005352   0x08005352   0x00000022   Code   RO         5313    i.f_close           ff.o
    0x08005374   0x08005374   0x000006ec   Code   RO         5318    i.f_mkfs            ff.o
    0x08005a60   0x08005a60   0x00000060   Code   RO         5319    i.f_mount           ff.o
    0x08005ac0   0x08005ac0   0x0000020e   Code   RO         5320    i.f_open            ff.o
    0x08005cce   0x08005cce   0x000000a2   Code   RO         5326    i.f_sync            ff.o
    0x08005d70   0x08005d70   0x00000214   Code   RO         5329    i.f_write           ff.o
    0x08005f84   0x08005f84   0x00000074   Code   RO         5615    i.ff_uni2oem        ffunicode.o
    0x08005ff8   0x08005ff8   0x000000b0   Code   RO         5616    i.ff_wtoupper       ffunicode.o
    0x080060a8   0x080060a8   0x00000078   Code   RO         5330    i.find_volume       ff.o
    0x08006120   0x08006120   0x000000a8   Code   RO         5331    i.follow_path       ff.o
    0x080061c8   0x080061c8   0x00000024   Code   RO         6026    i.fputc             bsp_usart.o
    0x080061ec   0x080061ec   0x000000e8   Code   RO         5332    i.gen_numname       ff.o
    0x080062d4   0x080062d4   0x00000132   Code   RO         5333    i.get_fat           ff.o
    0x08006406   0x08006406   0x00000002   PAD
    0x08006408   0x08006408   0x00000008   Code   RO         5235    i.get_fattime       diskio.o
    0x08006410   0x08006410   0x00000052   Code   RO         5335    i.get_ldnumber      ff.o
    0x08006462   0x08006462   0x00000002   PAD
    0x08006464   0x08006464   0x00000034   Code   RO         5974    i.gpio_init         bsp_tim.o
    0x08006498   0x08006498   0x0000002a   Code   RO         6623    i.hmc5883l_init     qmc5883.o
    0x080064c2   0x080064c2   0x00000002   PAD
    0x080064c4   0x080064c4   0x00000060   Code   RO         5787    i.i2c_init          i2c_sw.o
    0x08006524   0x08006524   0x00000042   Code   RO         6627    i.i2c_master_write_byte  qmc5883.o
    0x08006566   0x08006566   0x00000046   Code   RO         5790    i.i2c_send_byte     i2c_sw.o
    0x080065ac   0x080065ac   0x00000024   Code   RO         5791    i.i2c_start         i2c_sw.o
    0x080065d0   0x080065d0   0x00000024   Code   RO         5792    i.i2c_stop          i2c_sw.o
    0x080065f4   0x080065f4   0x00000040   Code   RO         5793    i.i2c_wait_ack      i2c_sw.o
    0x08006634   0x08006634   0x0000000c   Code   RO         5336    i.ld_16             ff.o
    0x08006640   0x08006640   0x00000018   Code   RO         5337    i.ld_32             ff.o
    0x08006658   0x08006658   0x00000026   Code   RO         5338    i.ld_clust          ff.o
    0x0800667e   0x0800667e   0x00000002   PAD
    0x08006680   0x08006680   0x000000bc   Code   RO         8227    i.main              main.o
    0x0800673c   0x0800673c   0x000002f4   Code   RO         5339    i.mount_volume      ff.o
    0x08006a30   0x08006a30   0x00000034   Code   RO         5340    i.move_window       ff.o
    0x08006a64   0x08006a64   0x000000b0   Code   RO         6382    i.mpu6000_init      bsp_mpu6000.o
    0x08006b14   0x08006b14   0x00000190   Code   RO         5342    i.put_fat           ff.o
    0x08006ca4   0x08006ca4   0x00000080   Code   RO         5343    i.put_lfn           ff.o
    0x08006d24   0x08006d24   0x00000012   Code   RO         6823    i.rb_init           ringbuff.o
    0x08006d36   0x08006d36   0x00000022   Code   RO         8304    i.rb_push           stm32f4xx_it.o
    0x08006d58   0x08006d58   0x00000036   Code   RO         8228    i.rb_push_multi     main.o
    0x08006d8e   0x08006d8e   0x0000009a   Code   RO         5345    i.remove_chain      ff.o
    0x08006e28   0x08006e28   0x00000080   Code   RO         6628    i.set_sensor_gain   qmc5883.o
    0x08006ea8   0x08006ea8   0x00000014   Code   RO         5886    i.spi_init          bsp_spi.o
    0x08006ebc   0x08006ebc   0x0000000c   Code   RO         5346    i.st_16             ff.o
    0x08006ec8   0x08006ec8   0x00000018   Code   RO         5347    i.st_32             ff.o
    0x08006ee0   0x08006ee0   0x00000024   Code   RO         5348    i.st_clust          ff.o
    0x08006f04   0x08006f04   0x00000020   Code   RO         5349    i.sum_sfn           ff.o
    0x08006f24   0x08006f24   0x00000090   Code   RO         5350    i.sync_fs           ff.o
    0x08006fb4   0x08006fb4   0x0000004a   Code   RO         5351    i.sync_window       ff.o
    0x08006ffe   0x08006ffe   0x00000002   PAD
    0x08007000   0x08007000   0x00000070   Code   RO         5923    i.systick_init      bsp_systick.o
    0x08007070   0x08007070   0x00000108   Code   RO         8166    i.task_datalog      task_datalog1.o
    0x08007178   0x08007178   0x000001e4   Code   RO         8167    i.task_datalog_init  task_datalog1.o
    0x0800735c   0x0800735c   0x000000b0   Code   RO         5352    i.tchar2uni         ff.o
    0x0800740c   0x0800740c   0x0000006c   Code   RO         5975    i.tim6_init         bsp_tim.o
    0x08007478   0x08007478   0x0000000c   Code   RO         5976    i.tim_init          bsp_tim.o
    0x08007484   0x08007484   0x0000001c   Code   RO         6027    i.usart_init        bsp_usart.o
    0x080074a0   0x080074a0   0x0000003c   Code   RO         5353    i.validate          ff.o
    0x080074dc   0x080074dc   0x00000044   Data   RO         5354    .constdata          ff.o
    0x08007520   0x08007520   0x0002abb6   Data   RO         5617    .constdata          ffunicode.o
    0x080320d6   0x080320d6   0x00000002   PAD
    0x080320d8   0x080320d8   0x00000020   Data   RO         8717    .constdata          m_wm.l(rredf.o)
    0x080320f8   0x080320f8   0x00000020   Data   RO         8768    Region$$Table       anon$$obj.o


    Execution Region RW_IRAM1 (Exec base: 0x20000000, Load base: 0x08032118, Size: 0x00006320, Max: 0x00030000, ABSOLUTE)

    Exec Addr    Load Addr    Size         Type   Attr      Idx    E Section Name        Object

    0x20000000   0x08032118   0x00000014   Data   RW           16    .data               system_stm32f4xx.o
    0x20000014   0x0803212c   0x00000010   Data   RW         3076    .data               stm32f4xx_rcc.o
    0x20000024   0x0803213c   0x0000000a   Data   RW         5355    .data               ff.o
    0x2000002e   0x08032146   0x00000004   Data   RW         5648    .data               bsp_dma.o
    0x20000032   0x0803214a   0x00000001   Data   RW         5718    .data               bsp_exti.o
    0x20000033   0x0803214b   0x00000001   PAD
    0x20000034   0x0803214c   0x00000004   Data   RW         5924    .data               bsp_systick.o
    0x20000038   0x08032150   0x00000001   Data   RW         5977    .data               bsp_tim.o
    0x20000039   0x08032151   0x00000003   PAD
    0x2000003c   0x08032154   0x00000018   Data   RW         6153    .data               bsp_sdio_sd.o
    0x20000054   0x0803216c   0x00000002   Data   RW         6630    .data               qmc5883.o
    0x20000056   0x0803216e   0x0000000c   Data   RW         6848    .data               pro_common.o
    0x20000062   0x0803217a   0x00000002   PAD
    0x20000064   0x0803217c   0x00000018   Data   RW         7827    .data               ic_comm.o
    0x2000007c   0x08032194   0x00000009   Data   RW         8169    .data               task_datalog1.o
    0x20000085   0x0803219d   0x00000003   PAD
    0x20000088   0x080321a0   0x0000000c   Data   RW         8231    .data               main.o
    0x20000094   0x080321ac   0x00000004   Data   RW         8735    .data               mc_w.l(stdout.o)
    0x20000098   0x080321b0   0x00000004   Data   RW         8745    .data               mc_w.l(errno.o)
    0x2000009c   0x080321b4   0x00000004   PAD
    0x200000a0        -       0x000000cc   Zero   RW         6152    .bss                bsp_sdio_sd.o
    0x2000016c   0x080321b4   0x00000004   PAD
    0x20000170        -       0x00000120   Zero   RW         6383    .bss                bsp_mpu6000.o
    0x20000290        -       0x00000518   Zero   RW         6535    .bss                gps.o
    0x200007a8        -       0x00000018   Zero   RW         6847    .bss                pro_common.o
    0x200007c0        -       0x00000b40   Zero   RW         6926    .bss                mavlink_handle.o
    0x20001300        -       0x00000198   Zero   RW         7826    .bss                ic_comm.o
    0x20001498        -       0x00004a78   Zero   RW         8168    .bss                task_datalog1.o
    0x20005f10        -       0x00000010   Zero   RW         8229    .bss                main.o
    0x20005f20        -       0x00000400   Zero   RW            1    STACK               startup_stm32f427_437xx.o


==============================================================================

Image component sizes


      Code (inc. data)   RO Data    RW Data    ZI Data      Debug   Object Name

       510         40          0          4          0       4268   bsp_dma.o
        32          4          0          1          0       2831   bsp_exti.o
      1570         82          0          0        288       6552   bsp_mpu6000.o
      5056        294          0         24        204      25747   bsp_sdio_sd.o
       292         22          0          0          0       1780   bsp_spi.o
       250         34          0          4          0      29925   bsp_systick.o
       172         10          0          1          0       2283   bsp_tim.o
       704         50          0          0          0       6580   bsp_usart.o
       552         10          0          0          0      15081   diskio.o
      9004        192         68         10          0      52437   ff.o
       292         24     175030          0          0       2483   ffunicode.o
       334         14          0          0          0       2902   filter.o
         0          0          0          0       1304       1651   gps.o
       502         36          0          0          0       6861   i2c_sw.o
        56         18          0         24        408       4701   ic_comm.o
       494         60          0         12         16       5304   main.o
        24          8          0          0       2880      12055   mavlink_handle.o
       140         24          0          0          0       1911   misc.o
         0          0          0         12         24        404   pro_common.o
       236         14          0          2          0       3288   qmc5883.o
        18          0          0          0          0       1046   ringbuff.o
        36          8        428          0       1024        904   startup_stm32f427_437xx.o
       738         72          0          0          0       7210   stm32f4xx_dma.o
        36         10          0          0          0       1288   stm32f4xx_exti.o
       242          0          0          0          0       4123   stm32f4xx_gpio.o
       218         60          0          0          0       3528   stm32f4xx_it.o
       360         42          0         16          0       5880   stm32f4xx_rcc.o
       370         80          0          0          0      11990   stm32f4xx_sdio.o
       112          0          0          0          0       4090   stm32f4xx_spi.o
       226         28          0          0          0       4880   stm32f4xx_tim.o
       402          8          0          0          0       6057   stm32f4xx_usart.o
       392         32          0         20          0     330441   system_stm32f4xx.o
       884        426          0          9      19064       5639   task_datalog1.o

    ----------------------------------------------------------------------
     24292       1702     175560        148      25216     576120   Object Totals
         0          0         32          0          0          0   (incl. Generated)
        38          0          2          9          4          0   (incl. Padding)

    ----------------------------------------------------------------------

      Code (inc. data)   RO Data    RW Data    ZI Data      Debug   Library Member Name

       336         56          0          0          0        136   cosf.o
        38          0          0          0          0        116   fpclassifyf.o
        38         12          0          0          0        348   funder.o
       340         24         32          0          0        160   rredf.o
        58          0          0          0          0        136   sqrtf.o
       380         58          0          0          0        200   tanf.o
         0          0          0          0          0          0   entry.o
         0          0          0          0          0          0   entry10a.o
         0          0          0          0          0          0   entry11a.o
         4          0          0          0          0          0   entry12b.o
         8          4          0          0          0          0   entry2.o
         4          0          0          0          0          0   entry5.o
         0          0          0          0          0          0   entry7b.o
         0          0          0          0          0          0   entry8b.o
         8          4          0          0          0          0   entry9a.o
        12          6          0          4          0         68   errno.o
        30          0          0          0          0          0   handlers.o
        36          8          0          0          0         68   init.o
         0          0          0          0          0          0   iusefp.o
        98          0          0          0          0         84   ldiv.o
        30          0          0          0          0         68   llshl.o
        36          0          0          0          0         68   llsshr.o
        32          0          0          0          0         68   llushr.o
        26          0          0          0          0         80   memcmp.o
        36          0          0          0          0         68   memcpya.o
        36          0          0          0          0        108   memseta.o
      2218         90          0          0          0        464   printfa.o
         0          0          0          4          0          0   stdout.o
        20          0          0          0          0         68   strchr.o
        44          0          0          0          0         80   uidiv.o
        98          0          0          0          0         92   uldiv.o
        48          0          0          0          0         68   cdrcmple.o
       334          0          0          0          0        148   dadd.o
       222          0          0          0          0        100   ddiv.o
       186          0          0          0          0        176   depilogue.o
        48          0          0          0          0         68   dfixul.o
       228          0          0          0          0         96   dmul.o
       110          0          0          0          0        168   fepilogue.o
        44          0          0          0          0         92   ffltl.o

    ----------------------------------------------------------------------
      5196        262         32          8          4       3396   Library Totals
        10          0          0          0          4          0   (incl. Padding)

    ----------------------------------------------------------------------

      Code (inc. data)   RO Data    RW Data    ZI Data      Debug   Library Name

      1190        150         32          0          0       1096   m_wm.l
      2776        112          0          8          0       1384   mc_w.l
      1220          0          0          0          0        916   mf_w.l

    ----------------------------------------------------------------------
      5196        262         32          8          4       3396   Library Totals

    ----------------------------------------------------------------------

==============================================================================


      Code (inc. data)   RO Data    RW Data    ZI Data      Debug   

     29488       1964     175592        156      25220     558076   Grand Totals
     29488       1964     175592        156      25220     558076   ELF Image Totals
     29488       1964     175592        156          0          0   ROM Totals

==============================================================================

    Total RO  Size (Code + RO Data)               205080 ( 200.27kB)
    Total RW  Size (RW Data + ZI Data)             25376 (  24.78kB)
    Total ROM Size (Code + RO Data + RW Data)     205236 ( 200.43kB)

==============================================================================

